<?xml version="1.0" encoding="ISO-8859-1" ?>
<link_info>
   <banner>MSP430 Linker PC v18.12.1.LTS</banner>
   <copyright>Copyright (c) 2003-2018 Texas Instruments Incorporated</copyright>
   <link_time>0x5cddf05a</link_time>
   <link_errors>0x0</link_errors>
   <output_file>MSP430_MISE.out</output_file>
   <entry_point>
      <name>_c_int00_noargs</name>
      <address>0x8a32</address>
   </entry_point>
   <input_file_list>
      <input_file id="fl-2">
         <path>.\src\HAL\</path>
         <kind>object</kind>
         <file>adc.obj</file>
         <name>adc.obj</name>
      </input_file>
      <input_file id="fl-3">
         <path>.\src\HAL\</path>
         <kind>object</kind>
         <file>i2c.obj</file>
         <name>i2c.obj</name>
      </input_file>
      <input_file id="fl-4">
         <path>.\src\HAL\</path>
         <kind>object</kind>
         <file>timers.obj</file>
         <name>timers.obj</name>
      </input_file>
      <input_file id="fl-5">
         <path>.\src\HAL\</path>
         <kind>object</kind>
         <file>ucs_cfg.obj</file>
         <name>ucs_cfg.obj</name>
      </input_file>
      <input_file id="fl-6">
         <path>.\src\Modules\</path>
         <kind>object</kind>
         <file>buttons.obj</file>
         <name>buttons.obj</name>
      </input_file>
      <input_file id="fl-7">
         <path>.\src\Modules\</path>
         <kind>object</kind>
         <file>lcd.obj</file>
         <name>lcd.obj</name>
      </input_file>
      <input_file id="fl-8">
         <path>.\src\Modules\</path>
         <kind>object</kind>
         <file>ldrs.obj</file>
         <name>ldrs.obj</name>
      </input_file>
      <input_file id="fl-9">
         <path>.\src\Robot\</path>
         <kind>object</kind>
         <file>robot.obj</file>
         <name>robot.obj</name>
      </input_file>
      <input_file id="fl-a">
         <path>.\src\</path>
         <kind>object</kind>
         <file>main.obj</file>
         <name>main.obj</name>
      </input_file>
      <input_file id="fl-10">
         <kind>object</kind>
         <file>&lt;internal&gt;</file>
         <name>&lt;internal&gt;</name>
      </input_file>
      <input_file id="fl-2b">
         <path>C:\ti\ccs901\ccs\tools\compiler\ti-cgt-msp430_18.12.1.LTS\lib\</path>
         <kind>archive</kind>
         <file>rts430x_lc_sd_eabi.lib</file>
         <name>sprintf.c.obj</name>
      </input_file>
      <input_file id="fl-2c">
         <path>C:\ti\ccs901\ccs\tools\compiler\ti-cgt-msp430_18.12.1.LTS\lib\</path>
         <kind>archive</kind>
         <file>rts430x_lc_sd_eabi.lib</file>
         <name>int41.asm.obj</name>
      </input_file>
      <input_file id="fl-2d">
         <path>C:\ti\ccs901\ccs\tools\compiler\ti-cgt-msp430_18.12.1.LTS\lib\</path>
         <kind>archive</kind>
         <file>rts430x_lc_sd_eabi.lib</file>
         <name>int42.asm.obj</name>
      </input_file>
      <input_file id="fl-2e">
         <path>C:\ti\ccs901\ccs\tools\compiler\ti-cgt-msp430_18.12.1.LTS\lib\</path>
         <kind>archive</kind>
         <file>rts430x_lc_sd_eabi.lib</file>
         <name>int43.asm.obj</name>
      </input_file>
      <input_file id="fl-2f">
         <path>C:\ti\ccs901\ccs\tools\compiler\ti-cgt-msp430_18.12.1.LTS\lib\</path>
         <kind>archive</kind>
         <file>rts430x_lc_sd_eabi.lib</file>
         <name>int44.asm.obj</name>
      </input_file>
      <input_file id="fl-30">
         <path>C:\ti\ccs901\ccs\tools\compiler\ti-cgt-msp430_18.12.1.LTS\lib\</path>
         <kind>archive</kind>
         <file>rts430x_lc_sd_eabi.lib</file>
         <name>int46.asm.obj</name>
      </input_file>
      <input_file id="fl-31">
         <path>C:\ti\ccs901\ccs\tools\compiler\ti-cgt-msp430_18.12.1.LTS\lib\</path>
         <kind>archive</kind>
         <file>rts430x_lc_sd_eabi.lib</file>
         <name>int48.asm.obj</name>
      </input_file>
      <input_file id="fl-32">
         <path>C:\ti\ccs901\ccs\tools\compiler\ti-cgt-msp430_18.12.1.LTS\lib\</path>
         <kind>archive</kind>
         <file>rts430x_lc_sd_eabi.lib</file>
         <name>int49.asm.obj</name>
      </input_file>
      <input_file id="fl-33">
         <path>C:\ti\ccs901\ccs\tools\compiler\ti-cgt-msp430_18.12.1.LTS\lib\</path>
         <kind>archive</kind>
         <file>rts430x_lc_sd_eabi.lib</file>
         <name>int50.asm.obj</name>
      </input_file>
      <input_file id="fl-34">
         <path>C:\ti\ccs901\ccs\tools\compiler\ti-cgt-msp430_18.12.1.LTS\lib\</path>
         <kind>archive</kind>
         <file>rts430x_lc_sd_eabi.lib</file>
         <name>int51.asm.obj</name>
      </input_file>
      <input_file id="fl-35">
         <path>C:\ti\ccs901\ccs\tools\compiler\ti-cgt-msp430_18.12.1.LTS\lib\</path>
         <kind>archive</kind>
         <file>rts430x_lc_sd_eabi.lib</file>
         <name>int52.asm.obj</name>
      </input_file>
      <input_file id="fl-36">
         <path>C:\ti\ccs901\ccs\tools\compiler\ti-cgt-msp430_18.12.1.LTS\lib\</path>
         <kind>archive</kind>
         <file>rts430x_lc_sd_eabi.lib</file>
         <name>int55.asm.obj</name>
      </input_file>
      <input_file id="fl-37">
         <path>C:\ti\ccs901\ccs\tools\compiler\ti-cgt-msp430_18.12.1.LTS\lib\</path>
         <kind>archive</kind>
         <file>rts430x_lc_sd_eabi.lib</file>
         <name>int56.asm.obj</name>
      </input_file>
      <input_file id="fl-38">
         <path>C:\ti\ccs901\ccs\tools\compiler\ti-cgt-msp430_18.12.1.LTS\lib\</path>
         <kind>archive</kind>
         <file>rts430x_lc_sd_eabi.lib</file>
         <name>int57.asm.obj</name>
      </input_file>
      <input_file id="fl-39">
         <path>C:\ti\ccs901\ccs\tools\compiler\ti-cgt-msp430_18.12.1.LTS\lib\</path>
         <kind>archive</kind>
         <file>rts430x_lc_sd_eabi.lib</file>
         <name>int58.asm.obj</name>
      </input_file>
      <input_file id="fl-3a">
         <path>C:\ti\ccs901\ccs\tools\compiler\ti-cgt-msp430_18.12.1.LTS\lib\</path>
         <kind>archive</kind>
         <file>rts430x_lc_sd_eabi.lib</file>
         <name>int59.asm.obj</name>
      </input_file>
      <input_file id="fl-3b">
         <path>C:\ti\ccs901\ccs\tools\compiler\ti-cgt-msp430_18.12.1.LTS\lib\</path>
         <kind>archive</kind>
         <file>rts430x_lc_sd_eabi.lib</file>
         <name>int60.asm.obj</name>
      </input_file>
      <input_file id="fl-3c">
         <path>C:\ti\ccs901\ccs\tools\compiler\ti-cgt-msp430_18.12.1.LTS\lib\</path>
         <kind>archive</kind>
         <file>rts430x_lc_sd_eabi.lib</file>
         <name>int61.asm.obj</name>
      </input_file>
      <input_file id="fl-3d">
         <path>C:\ti\ccs901\ccs\tools\compiler\ti-cgt-msp430_18.12.1.LTS\lib\</path>
         <kind>archive</kind>
         <file>rts430x_lc_sd_eabi.lib</file>
         <name>int62.asm.obj</name>
      </input_file>
      <input_file id="fl-3e">
         <path>C:\ti\ccs901\ccs\tools\compiler\ti-cgt-msp430_18.12.1.LTS\lib\</path>
         <kind>archive</kind>
         <file>rts430x_lc_sd_eabi.lib</file>
         <name>isr_trap.asm.obj</name>
      </input_file>
      <input_file id="fl-3f">
         <path>C:\ti\ccs901\ccs\tools\compiler\ti-cgt-msp430_18.12.1.LTS\lib\</path>
         <kind>archive</kind>
         <file>rts430x_lc_sd_eabi.lib</file>
         <name>lsr32.asm.obj</name>
      </input_file>
      <input_file id="fl-40">
         <path>C:\ti\ccs901\ccs\tools\compiler\ti-cgt-msp430_18.12.1.LTS\lib\</path>
         <kind>archive</kind>
         <file>rts430x_lc_sd_eabi.lib</file>
         <name>mult16_f5hw.asm.obj</name>
      </input_file>
      <input_file id="fl-41">
         <path>C:\ti\ccs901\ccs\tools\compiler\ti-cgt-msp430_18.12.1.LTS\lib\</path>
         <kind>archive</kind>
         <file>rts430x_lc_sd_eabi.lib</file>
         <name>mult1632_f5hw.asm.obj</name>
      </input_file>
      <input_file id="fl-42">
         <path>C:\ti\ccs901\ccs\tools\compiler\ti-cgt-msp430_18.12.1.LTS\lib\</path>
         <kind>archive</kind>
         <file>rts430x_lc_sd_eabi.lib</file>
         <name>mult32.asm.obj</name>
      </input_file>
      <input_file id="fl-43">
         <path>C:\ti\ccs901\ccs\tools\compiler\ti-cgt-msp430_18.12.1.LTS\lib\</path>
         <kind>archive</kind>
         <file>rts430x_lc_sd_eabi.lib</file>
         <name>mult32_f5hw.asm.obj</name>
      </input_file>
      <input_file id="fl-44">
         <path>C:\ti\ccs901\ccs\tools\compiler\ti-cgt-msp430_18.12.1.LTS\lib\</path>
         <kind>archive</kind>
         <file>rts430x_lc_sd_eabi.lib</file>
         <name>mult3264_f5hw.asm.obj</name>
      </input_file>
      <input_file id="fl-45">
         <path>C:\ti\ccs901\ccs\tools\compiler\ti-cgt-msp430_18.12.1.LTS\lib\</path>
         <kind>archive</kind>
         <file>rts430x_lc_sd_eabi.lib</file>
         <name>mult64_f5hw.asm.obj</name>
      </input_file>
      <input_file id="fl-46">
         <path>C:\ti\ccs901\ccs\tools\compiler\ti-cgt-msp430_18.12.1.LTS\lib\</path>
         <kind>archive</kind>
         <file>rts430x_lc_sd_eabi.lib</file>
         <name>boot.c.obj</name>
      </input_file>
      <input_file id="fl-47">
         <path>C:\ti\ccs901\ccs\tools\compiler\ti-cgt-msp430_18.12.1.LTS\lib\</path>
         <kind>archive</kind>
         <file>rts430x_lc_sd_eabi.lib</file>
         <name>autoinit.c.obj</name>
      </input_file>
      <input_file id="fl-48">
         <path>C:\ti\ccs901\ccs\tools\compiler\ti-cgt-msp430_18.12.1.LTS\lib\</path>
         <kind>archive</kind>
         <file>rts430x_lc_sd_eabi.lib</file>
         <name>copy_zero_init.c.obj</name>
      </input_file>
      <input_file id="fl-49">
         <path>C:\ti\ccs901\ccs\tools\compiler\ti-cgt-msp430_18.12.1.LTS\lib\</path>
         <kind>archive</kind>
         <file>rts430x_lc_sd_eabi.lib</file>
         <name>cpy_tbl.c.obj</name>
      </input_file>
      <input_file id="fl-4a">
         <path>C:\ti\ccs901\ccs\tools\compiler\ti-cgt-msp430_18.12.1.LTS\lib\</path>
         <kind>archive</kind>
         <file>rts430x_lc_sd_eabi.lib</file>
         <name>mpu_init.c.obj</name>
      </input_file>
      <input_file id="fl-4b">
         <path>C:\ti\ccs901\ccs\tools\compiler\ti-cgt-msp430_18.12.1.LTS\lib\</path>
         <kind>archive</kind>
         <file>rts430x_lc_sd_eabi.lib</file>
         <name>pre_init.c.obj</name>
      </input_file>
      <input_file id="fl-4c">
         <path>C:\ti\ccs901\ccs\tools\compiler\ti-cgt-msp430_18.12.1.LTS\lib\</path>
         <kind>archive</kind>
         <file>rts430x_lc_sd_eabi.lib</file>
         <name>startup.c.obj</name>
      </input_file>
      <input_file id="fl-4d">
         <path>C:\ti\ccs901\ccs\tools\compiler\ti-cgt-msp430_18.12.1.LTS\lib\</path>
         <kind>archive</kind>
         <file>rts430x_lc_sd_eabi.lib</file>
         <name>copy_decompress_none.c.obj</name>
      </input_file>
      <input_file id="fl-4e">
         <path>C:\ti\ccs901\ccs\tools\compiler\ti-cgt-msp430_18.12.1.LTS\lib\</path>
         <kind>archive</kind>
         <file>rts430x_lc_sd_eabi.lib</file>
         <name>copy_decompress_lzss.c.obj</name>
      </input_file>
      <input_file id="fl-4f">
         <path>C:\ti\ccs901\ccs\tools\compiler\ti-cgt-msp430_18.12.1.LTS\lib\</path>
         <kind>archive</kind>
         <file>rts430x_lc_sd_eabi.lib</file>
         <name>exit.c.obj</name>
      </input_file>
      <input_file id="fl-50">
         <path>C:\ti\ccs901\ccs\tools\compiler\ti-cgt-msp430_18.12.1.LTS\lib\</path>
         <kind>archive</kind>
         <file>rts430x_lc_sd_eabi.lib</file>
         <name>_lock.c.obj</name>
      </input_file>
      <input_file id="fl-51">
         <path>C:\ti\ccs901\ccs\tools\compiler\ti-cgt-msp430_18.12.1.LTS\lib\</path>
         <kind>archive</kind>
         <file>rts430x_lc_sd_eabi.lib</file>
         <name>args_main.c.obj</name>
      </input_file>
      <input_file id="fl-52">
         <path>C:\ti\ccs901\ccs\tools\compiler\ti-cgt-msp430_18.12.1.LTS\lib\</path>
         <kind>archive</kind>
         <file>rts430x_lc_sd_eabi.lib</file>
         <name>memcpy.c.obj</name>
      </input_file>
      <input_file id="fl-53">
         <path>C:\ti\ccs901\ccs\tools\compiler\ti-cgt-msp430_18.12.1.LTS\lib\</path>
         <kind>archive</kind>
         <file>rts430x_lc_sd_eabi.lib</file>
         <name>memset.c.obj</name>
      </input_file>
      <input_file id="fl-54">
         <path>C:\ti\ccs901\ccs\tools\compiler\ti-cgt-msp430_18.12.1.LTS\lib\</path>
         <kind>archive</kind>
         <file>rts430x_lc_sd_eabi.lib</file>
         <name>strlen.c.obj</name>
      </input_file>
      <input_file id="fl-55">
         <path>C:\ti\ccs901\ccs\tools\compiler\ti-cgt-msp430_18.12.1.LTS\lib\</path>
         <kind>archive</kind>
         <file>rts430x_lc_sd_eabi.lib</file>
         <name>_printfi_min.c.obj</name>
      </input_file>
      <input_file id="fl-56">
         <path>C:\ti\ccs901\ccs\tools\compiler\ti-cgt-msp430_18.12.1.LTS\lib\</path>
         <kind>archive</kind>
         <file>rts430x_lc_sd_eabi.lib</file>
         <name>div16u.asm.obj</name>
      </input_file>
      <input_file id="fl-57">
         <path>C:\ti\ccs901\ccs\tools\compiler\ti-cgt-msp430_18.12.1.LTS\lib\</path>
         <kind>archive</kind>
         <file>rts430x_lc_sd_eabi.lib</file>
         <name>cpy_util.asm.obj</name>
      </input_file>
      <input_file id="fl-58">
         <path>C:\ti\ccs901\ccs\tools\compiler\ti-cgt-msp430_18.12.1.LTS\lib\</path>
         <kind>archive</kind>
         <file>rts430x_lc_sd_eabi.lib</file>
         <name>mult16.asm.obj</name>
      </input_file>
      <input_file id="fl-59">
         <path>C:\ti\ccs901\ccs\tools\compiler\ti-cgt-msp430_18.12.1.LTS\lib\</path>
         <kind>archive</kind>
         <file>rts430x_lc_sd_eabi.lib</file>
         <name>exit_gvars.c.obj</name>
      </input_file>
      <input_file id="fl-5a">
         <path>C:\ti\ccs901\ccs\tools\compiler\ti-cgt-msp430_18.12.1.LTS\lib\</path>
         <kind>archive</kind>
         <file>rts430x_lc_sd_eabi.lib</file>
         <name>lsr64.c.obj</name>
      </input_file>
      <input_file id="fl-5b">
         <path>C:\ti\ccs901\ccs\tools\compiler\ti-cgt-msp430_18.12.1.LTS\lib\</path>
         <kind>archive</kind>
         <file>rts430x_lc_sd_eabi.lib</file>
         <name>memccpy.c.obj</name>
      </input_file>
   </input_file_list>
   <object_component_list>
      <object_component id="oc-5e1">
         <name>.bss</name>
         <uninitialized>true</uninitialized>
         <run_address>0x2400</run_address>
         <size>0x4</size>
         <input_file_ref idref="fl-2"/>
      </object_component>
      <object_component id="oc-3be">
         <name>.bss</name>
         <uninitialized>true</uninitialized>
         <run_address>0x240c</run_address>
         <size>0x2</size>
         <input_file_ref idref="fl-6"/>
      </object_component>
      <object_component id="oc-486">
         <name>.bss</name>
         <uninitialized>true</uninitialized>
         <run_address>0x2404</run_address>
         <size>0x4</size>
         <input_file_ref idref="fl-9"/>
      </object_component>
      <object_component id="oc-3ba">
         <name>.common:PTxData</name>
         <uninitialized>true</uninitialized>
         <run_address>0x2410</run_address>
         <size>0x2</size>
      </object_component>
      <object_component id="oc-3b5">
         <name>.common:TXByteCtr</name>
         <uninitialized>true</uninitialized>
         <run_address>0x2413</run_address>
         <size>0x1</size>
      </object_component>
      <object_component id="oc-3bc">
         <name>.common:PRxData</name>
         <uninitialized>true</uninitialized>
         <run_address>0x240e</run_address>
         <size>0x2</size>
      </object_component>
      <object_component id="oc-3bb">
         <name>.common:RXByteCtr</name>
         <uninitialized>true</uninitialized>
         <run_address>0x2412</run_address>
         <size>0x1</size>
      </object_component>
      <object_component id="oc-3c3">
         <name>.common:counter</name>
         <uninitialized>true</uninitialized>
         <run_address>0x2408</run_address>
         <size>0x4</size>
      </object_component>
      <object_component id="oc-597">
         <name>.data</name>
         <load_address>0x2414</load_address>
         <run_address>0x2414</run_address>
         <size>0x2</size>
         <input_file_ref idref="fl-8"/>
      </object_component>
      <object_component id="oc-336">
         <name>.stack</name>
         <uninitialized>true</uninitialized>
         <run_address>0x3360</run_address>
         <size>0x2</size>
         <input_file_ref idref="fl-46"/>
      </object_component>
      <object_component id="oc-688">
         <name>.stack</name>
         <uninitialized>true</uninitialized>
         <run_address>0x3360</run_address>
         <size>0x0</size>
      </object_component>
      <object_component id="oc-5ba">
         <name>.text:_setfield</name>
         <load_address>0x8000</load_address>
         <run_address>0x8000</run_address>
         <size>0x10e</size>
         <input_file_ref idref="fl-55"/>
      </object_component>
      <object_component id="oc-6c">
         <name>.text:decompress:lzss:__TI_decompress_lzss</name>
         <load_address>0x810e</load_address>
         <run_address>0x810e</run_address>
         <size>0xee</size>
         <input_file_ref idref="fl-4e"/>
      </object_component>
      <object_component id="oc-589">
         <name>.text:__TI_printfi_minimal</name>
         <load_address>0x81fc</load_address>
         <run_address>0x81fc</run_address>
         <size>0xe2</size>
         <input_file_ref idref="fl-55"/>
      </object_component>
      <object_component id="oc-5ea">
         <name>.text:_pproc_diouxp</name>
         <load_address>0x82de</load_address>
         <run_address>0x82de</run_address>
         <size>0xc4</size>
         <input_file_ref idref="fl-55"/>
      </object_component>
      <object_component id="oc-48f">
         <name>.text:robot_showMenu</name>
         <load_address>0x83a2</load_address>
         <run_address>0x83a2</run_address>
         <size>0xb4</size>
         <input_file_ref idref="fl-9"/>
      </object_component>
      <object_component id="oc-49b">
         <name>.text:robot_calibADC</name>
         <load_address>0x8456</load_address>
         <run_address>0x8456</run_address>
         <size>0x96</size>
         <input_file_ref idref="fl-9"/>
      </object_component>
      <object_component id="oc-35c">
         <name>.text:_isr:port1_isr</name>
         <load_address>0x84ec</load_address>
         <run_address>0x84ec</run_address>
         <size>0x7c</size>
         <input_file_ref idref="fl-6"/>
      </object_component>
      <object_component id="oc-356">
         <name>.text:_isr:USCI_B1_ISR</name>
         <load_address>0x8568</load_address>
         <run_address>0x8568</run_address>
         <size>0x72</size>
         <input_file_ref idref="fl-3"/>
      </object_component>
      <object_component id="oc-446">
         <name>.text:__TI_auto_init_nobinit_nopinit_hold_wdt:__TI_auto_init_nobinit_nopinit_hold_wdt</name>
         <load_address>0x85da</load_address>
         <run_address>0x85da</run_address>
         <size>0x6a</size>
         <input_file_ref idref="fl-47"/>
      </object_component>
      <object_component id="oc-479">
         <name>.text:lcd_init</name>
         <load_address>0x8644</load_address>
         <run_address>0x8644</run_address>
         <size>0x6a</size>
         <input_file_ref idref="fl-7"/>
      </object_component>
      <object_component id="oc-495">
         <name>.text:robot_changeMenu</name>
         <load_address>0x86ae</load_address>
         <run_address>0x86ae</run_address>
         <size>0x6a</size>
         <input_file_ref idref="fl-9"/>
      </object_component>
      <object_component id="oc-473">
         <name>.text:buttons_init</name>
         <load_address>0x8718</load_address>
         <run_address>0x8718</run_address>
         <size>0x52</size>
         <input_file_ref idref="fl-6"/>
      </object_component>
      <object_component id="oc-345">
         <name>.text:__memcpy_far</name>
         <load_address>0x876a</load_address>
         <run_address>0x876a</run_address>
         <size>0x40</size>
         <input_file_ref idref="fl-57"/>
      </object_component>
      <object_component id="oc-41b">
         <name>.text:robot_mainMenu</name>
         <load_address>0x87aa</load_address>
         <run_address>0x87aa</run_address>
         <size>0x40</size>
         <input_file_ref idref="fl-9"/>
      </object_component>
      <object_component id="oc-36e">
         <name>.text:decompress:ZI:__TI_zero_init_nomemset:__TI_zero_init_nomemset</name>
         <load_address>0x87ea</load_address>
         <run_address>0x87ea</run_address>
         <size>0x3e</size>
         <input_file_ref idref="fl-48"/>
      </object_component>
      <object_component id="oc-5dc">
         <name>.text:l_lsr_const</name>
         <load_address>0x8828</load_address>
         <run_address>0x8828</run_address>
         <size>0x3e</size>
         <input_file_ref idref="fl-3f"/>
      </object_component>
      <object_component id="oc-72">
         <name>.text:decompress:none:__TI_decompress_none</name>
         <load_address>0x8866</load_address>
         <run_address>0x8866</run_address>
         <size>0x3c</size>
         <input_file_ref idref="fl-4d"/>
      </object_component>
      <object_component id="oc-523">
         <name>.text:sprintf</name>
         <load_address>0x88a2</load_address>
         <run_address>0x88a2</run_address>
         <size>0x38</size>
         <input_file_ref idref="fl-2b"/>
      </object_component>
      <object_component id="oc-4f2">
         <name>.text:wait_ms</name>
         <load_address>0x88da</load_address>
         <run_address>0x88da</run_address>
         <size>0x38</size>
         <input_file_ref idref="fl-4"/>
      </object_component>
      <object_component id="oc-4e0">
         <name>.text:i2c_init</name>
         <load_address>0x8912</load_address>
         <run_address>0x8912</run_address>
         <size>0x36</size>
         <input_file_ref idref="fl-3"/>
      </object_component>
      <object_component id="oc-59a">
         <name>.text:adc_conversion</name>
         <load_address>0x8948</load_address>
         <run_address>0x8948</run_address>
         <size>0x2a</size>
         <input_file_ref idref="fl-2"/>
      </object_component>
      <object_component id="oc-362">
         <name>.text:_isr:timer0_A0_ISR</name>
         <load_address>0x8972</load_address>
         <run_address>0x8972</run_address>
         <size>0x28</size>
         <input_file_ref idref="fl-4"/>
      </object_component>
      <object_component id="oc-467">
         <name>.text:ucs_cfg_init</name>
         <load_address>0x899a</load_address>
         <run_address>0x899a</run_address>
         <size>0x28</size>
         <input_file_ref idref="fl-5"/>
      </object_component>
      <object_component id="oc-591">
         <name>.text:adc_read</name>
         <load_address>0x89c2</load_address>
         <run_address>0x89c2</run_address>
         <size>0x26</size>
         <input_file_ref idref="fl-2"/>
      </object_component>
      <object_component id="oc-4f8">
         <name>.text:i2c_send</name>
         <load_address>0x89e8</load_address>
         <run_address>0x89e8</run_address>
         <size>0x26</size>
         <input_file_ref idref="fl-3"/>
      </object_component>
      <object_component id="oc-5d7">
         <name>.text</name>
         <load_address>0x8a0e</load_address>
         <run_address>0x8a0e</run_address>
         <size>0x24</size>
         <input_file_ref idref="fl-43"/>
      </object_component>
      <object_component id="oc-380">
         <name>.text:_isr:_c_int00_noargs</name>
         <load_address>0x8a32</load_address>
         <run_address>0x8a32</run_address>
         <size>0x1c</size>
         <input_file_ref idref="fl-46"/>
      </object_component>
      <object_component id="oc-51d">
         <name>.text:lcd_2ndLineShift</name>
         <load_address>0x8a4e</load_address>
         <run_address>0x8a4e</run_address>
         <size>0x1c</size>
         <input_file_ref idref="fl-7"/>
      </object_component>
      <object_component id="oc-510">
         <name>.text:lcd_clearDisplay</name>
         <load_address>0x8a6a</load_address>
         <run_address>0x8a6a</run_address>
         <size>0x1a</size>
         <input_file_ref idref="fl-7"/>
      </object_component>
      <object_component id="oc-5f0">
         <name>.text:memccpy</name>
         <load_address>0x8a84</load_address>
         <run_address>0x8a84</run_address>
         <size>0x1a</size>
         <input_file_ref idref="fl-5b"/>
      </object_component>
      <object_component id="oc-57d">
         <name>.text:_outs</name>
         <load_address>0x8a9e</load_address>
         <run_address>0x8a9e</run_address>
         <size>0x18</size>
         <input_file_ref idref="fl-2b"/>
      </object_component>
      <object_component id="oc-3d5">
         <name>.text:main</name>
         <load_address>0x8ab6</load_address>
         <run_address>0x8ab6</run_address>
         <size>0x18</size>
         <input_file_ref idref="fl-a"/>
      </object_component>
      <object_component id="oc-558">
         <name>.text</name>
         <load_address>0x8ace</load_address>
         <run_address>0x8ace</run_address>
         <size>0x18</size>
         <input_file_ref idref="fl-40"/>
      </object_component>
      <object_component id="oc-415">
         <name>.text:robot_init</name>
         <load_address>0x8ae6</load_address>
         <run_address>0x8ae6</run_address>
         <size>0x16</size>
         <input_file_ref idref="fl-9"/>
      </object_component>
      <object_component id="oc-606">
         <name>.text</name>
         <load_address>0x8afc</load_address>
         <run_address>0x8afc</run_address>
         <size>0x16</size>
         <input_file_ref idref="fl-56"/>
      </object_component>
      <object_component id="oc-4ff">
         <name>.text:adc_init</name>
         <load_address>0x8b12</load_address>
         <run_address>0x8b12</run_address>
         <size>0x14</size>
         <input_file_ref idref="fl-2"/>
      </object_component>
      <object_component id="oc-50a">
         <name>.text:memset</name>
         <load_address>0x8b26</load_address>
         <run_address>0x8b26</run_address>
         <size>0x14</size>
         <input_file_ref idref="fl-53"/>
      </object_component>
      <object_component id="oc-583">
         <name>.text:_outc</name>
         <load_address>0x8b3a</load_address>
         <run_address>0x8b3a</run_address>
         <size>0x12</size>
         <input_file_ref idref="fl-2b"/>
      </object_component>
      <object_component id="oc-4ec">
         <name>.text:lcd_reset</name>
         <load_address>0x8b4c</load_address>
         <run_address>0x8b4c</run_address>
         <size>0x12</size>
         <input_file_ref idref="fl-7"/>
      </object_component>
      <object_component id="oc-530">
         <name>.text:ldrs_readVoltage</name>
         <load_address>0x8b5e</load_address>
         <run_address>0x8b5e</run_address>
         <size>0x12</size>
         <input_file_ref idref="fl-8"/>
      </object_component>
      <object_component id="oc-55d">
         <name>.text:memcpy</name>
         <load_address>0x8b70</load_address>
         <run_address>0x8b70</run_address>
         <size>0x12</size>
         <input_file_ref idref="fl-52"/>
      </object_component>
      <object_component id="oc-517">
         <name>.text:lcd_sendLine</name>
         <load_address>0x8b82</load_address>
         <run_address>0x8b82</run_address>
         <size>0x10</size>
         <input_file_ref idref="fl-7"/>
      </object_component>
      <object_component id="oc-4e6">
         <name>.text:lcd_resetPinInit</name>
         <load_address>0x8b92</load_address>
         <run_address>0x8b92</run_address>
         <size>0xe</size>
         <input_file_ref idref="fl-7"/>
      </object_component>
      <object_component id="oc-5b4">
         <name>.text:strlen</name>
         <load_address>0x8ba0</load_address>
         <run_address>0x8ba0</run_address>
         <size>0xe</size>
         <input_file_ref idref="fl-54"/>
      </object_component>
      <object_component id="oc-46d">
         <name>.text:timers_init</name>
         <load_address>0x8bae</load_address>
         <run_address>0x8bae</run_address>
         <size>0xe</size>
         <input_file_ref idref="fl-4"/>
      </object_component>
      <object_component id="oc-368">
         <name>.text:_isr:adc10_isr</name>
         <load_address>0x8bbc</load_address>
         <run_address>0x8bbc</run_address>
         <size>0xc</size>
         <input_file_ref idref="fl-2"/>
      </object_component>
      <object_component id="oc-47f">
         <name>.text:ldrs_init</name>
         <load_address>0x8bc8</load_address>
         <run_address>0x8bc8</run_address>
         <size>0xc</size>
         <input_file_ref idref="fl-8"/>
      </object_component>
      <object_component id="oc-351">
         <name>.text:_isr:__TI_ISR_TRAP</name>
         <load_address>0x8bd4</load_address>
         <run_address>0x8bd4</run_address>
         <size>0x8</size>
         <input_file_ref idref="fl-3e"/>
      </object_component>
      <object_component id="oc-4d9">
         <name>.text:buttons_en_irq</name>
         <load_address>0x8bdc</load_address>
         <run_address>0x8bdc</run_address>
         <size>0x8</size>
         <input_file_ref idref="fl-6"/>
      </object_component>
      <object_component id="oc-422">
         <name>.text:abort</name>
         <load_address>0x8be4</load_address>
         <run_address>0x8be4</run_address>
         <size>0x6</size>
         <input_file_ref idref="fl-4f"/>
      </object_component>
      <object_component id="oc-489">
         <name>.text:buttons_lastPressed</name>
         <load_address>0x8bea</load_address>
         <run_address>0x8bea</run_address>
         <size>0x6</size>
         <input_file_ref idref="fl-6"/>
      </object_component>
      <object_component id="oc-3cf">
         <name>.text:_system_pre_init</name>
         <load_address>0x8bf0</load_address>
         <run_address>0x8bf0</run_address>
         <size>0x4</size>
         <input_file_ref idref="fl-4b"/>
      </object_component>
      <object_component id="oc-4b4">
         <name>.text:_system_post_cinit</name>
         <load_address>0x8bf4</load_address>
         <run_address>0x8bf4</run_address>
         <size>0x2</size>
         <input_file_ref idref="fl-4c"/>
      </object_component>
      <object_component id="oc-684">
         <name>__TI_handler_table</name>
         <load_address>0x8c72</load_address>
         <run_address>0x8c72</run_address>
         <size>0xc</size>
      </object_component>
      <object_component id="oc-686">
         <name>.cinit..bss.load</name>
         <load_address>0x8c7e</load_address>
         <run_address>0x8c7e</run_address>
         <size>0x6</size>
      </object_component>
      <object_component id="oc-687">
         <name>.cinit..data.load</name>
         <load_address>0x8c84</load_address>
         <run_address>0x8c84</run_address>
         <size>0x6</size>
      </object_component>
      <object_component id="oc-685">
         <name>__TI_cinit_table</name>
         <load_address>0x8c8a</load_address>
         <run_address>0x8c8a</run_address>
         <size>0x10</size>
      </object_component>
      <object_component id="oc-516">
         <name>.const:.string</name>
         <load_address>0x8bf6</load_address>
         <run_address>0x8bf6</run_address>
         <size>0x68</size>
         <input_file_ref idref="fl-9"/>
      </object_component>
      <object_component id="oc-5e9">
         <name>.const:.string</name>
         <load_address>0x8c5e</load_address>
         <run_address>0x8c5e</run_address>
         <size>0x14</size>
         <input_file_ref idref="fl-55"/>
      </object_component>
      <object_component id="oc-617">
         <name>.binit</name>
         <load_address>0x8000</load_address>
         <run_address>0x8000</run_address>
         <size>0x0</size>
      </object_component>
      <object_component id="oc-78">
         <name>.int41</name>
         <load_address>0xffd2</load_address>
         <run_address>0xffd2</run_address>
         <size>0x2</size>
         <input_file_ref idref="fl-2c"/>
      </object_component>
      <object_component id="oc-79">
         <name>.int42</name>
         <load_address>0xffd4</load_address>
         <run_address>0xffd4</run_address>
         <size>0x2</size>
         <input_file_ref idref="fl-2d"/>
      </object_component>
      <object_component id="oc-7a">
         <name>.int43</name>
         <load_address>0xffd6</load_address>
         <run_address>0xffd6</run_address>
         <size>0x2</size>
         <input_file_ref idref="fl-2e"/>
      </object_component>
      <object_component id="oc-7b">
         <name>.int44</name>
         <load_address>0xffd8</load_address>
         <run_address>0xffd8</run_address>
         <size>0x2</size>
         <input_file_ref idref="fl-2f"/>
      </object_component>
      <object_component id="oc-7c">
         <name>.int45</name>
         <load_address>0xffda</load_address>
         <run_address>0xffda</run_address>
         <size>0x2</size>
         <input_file_ref idref="fl-3"/>
      </object_component>
      <object_component id="oc-7d">
         <name>.int46</name>
         <load_address>0xffdc</load_address>
         <run_address>0xffdc</run_address>
         <size>0x2</size>
         <input_file_ref idref="fl-30"/>
      </object_component>
      <object_component id="oc-7e">
         <name>.int47</name>
         <load_address>0xffde</load_address>
         <run_address>0xffde</run_address>
         <size>0x2</size>
         <input_file_ref idref="fl-6"/>
      </object_component>
      <object_component id="oc-7f">
         <name>.int48</name>
         <load_address>0xffe0</load_address>
         <run_address>0xffe0</run_address>
         <size>0x2</size>
         <input_file_ref idref="fl-31"/>
      </object_component>
      <object_component id="oc-80">
         <name>.int49</name>
         <load_address>0xffe2</load_address>
         <run_address>0xffe2</run_address>
         <size>0x2</size>
         <input_file_ref idref="fl-32"/>
      </object_component>
      <object_component id="oc-81">
         <name>.int50</name>
         <load_address>0xffe4</load_address>
         <run_address>0xffe4</run_address>
         <size>0x2</size>
         <input_file_ref idref="fl-33"/>
      </object_component>
      <object_component id="oc-82">
         <name>.int51</name>
         <load_address>0xffe6</load_address>
         <run_address>0xffe6</run_address>
         <size>0x2</size>
         <input_file_ref idref="fl-34"/>
      </object_component>
      <object_component id="oc-83">
         <name>.int52</name>
         <load_address>0xffe8</load_address>
         <run_address>0xffe8</run_address>
         <size>0x2</size>
         <input_file_ref idref="fl-35"/>
      </object_component>
      <object_component id="oc-84">
         <name>.int53</name>
         <load_address>0xffea</load_address>
         <run_address>0xffea</run_address>
         <size>0x2</size>
         <input_file_ref idref="fl-4"/>
      </object_component>
      <object_component id="oc-85">
         <name>.int54</name>
         <load_address>0xffec</load_address>
         <run_address>0xffec</run_address>
         <size>0x2</size>
         <input_file_ref idref="fl-2"/>
      </object_component>
      <object_component id="oc-86">
         <name>.int55</name>
         <load_address>0xffee</load_address>
         <run_address>0xffee</run_address>
         <size>0x2</size>
         <input_file_ref idref="fl-36"/>
      </object_component>
      <object_component id="oc-87">
         <name>.int56</name>
         <load_address>0xfff0</load_address>
         <run_address>0xfff0</run_address>
         <size>0x2</size>
         <input_file_ref idref="fl-37"/>
      </object_component>
      <object_component id="oc-88">
         <name>.int57</name>
         <load_address>0xfff2</load_address>
         <run_address>0xfff2</run_address>
         <size>0x2</size>
         <input_file_ref idref="fl-38"/>
      </object_component>
      <object_component id="oc-89">
         <name>.int58</name>
         <load_address>0xfff4</load_address>
         <run_address>0xfff4</run_address>
         <size>0x2</size>
         <input_file_ref idref="fl-39"/>
      </object_component>
      <object_component id="oc-8a">
         <name>.int59</name>
         <load_address>0xfff6</load_address>
         <run_address>0xfff6</run_address>
         <size>0x2</size>
         <input_file_ref idref="fl-3a"/>
      </object_component>
      <object_component id="oc-8b">
         <name>.int60</name>
         <load_address>0xfff8</load_address>
         <run_address>0xfff8</run_address>
         <size>0x2</size>
         <input_file_ref idref="fl-3b"/>
      </object_component>
      <object_component id="oc-8c">
         <name>.int61</name>
         <load_address>0xfffa</load_address>
         <run_address>0xfffa</run_address>
         <size>0x2</size>
         <input_file_ref idref="fl-3c"/>
      </object_component>
      <object_component id="oc-8d">
         <name>.int62</name>
         <load_address>0xfffc</load_address>
         <run_address>0xfffc</run_address>
         <size>0x2</size>
         <input_file_ref idref="fl-3d"/>
      </object_component>
      <object_component id="oc-339">
         <name>.reset</name>
         <load_address>0xfffe</load_address>
         <run_address>0xfffe</run_address>
         <size>0x2</size>
         <input_file_ref idref="fl-46"/>
      </object_component>
      <object_component id="oc-466">
         <name>.debug_info</name>
         <load_address>0x0</load_address>
         <run_address>0x0</run_address>
         <size>0x290</size>
         <input_file_ref idref="fl-2"/>
      </object_component>
      <object_component id="oc-5e2">
         <name>.debug_info</name>
         <load_address>0x290</load_address>
         <run_address>0x290</run_address>
         <size>0xd9</size>
         <input_file_ref idref="fl-2"/>
      </object_component>
      <object_component id="oc-592">
         <name>.debug_info</name>
         <load_address>0x369</load_address>
         <run_address>0x369</run_address>
         <size>0x157</size>
         <input_file_ref idref="fl-2"/>
      </object_component>
      <object_component id="oc-502">
         <name>.debug_info</name>
         <load_address>0x4c0</load_address>
         <run_address>0x4c0</run_address>
         <size>0x110</size>
         <input_file_ref idref="fl-2"/>
      </object_component>
      <object_component id="oc-59c">
         <name>.debug_info</name>
         <load_address>0x5d0</load_address>
         <run_address>0x5d0</run_address>
         <size>0x162</size>
         <input_file_ref idref="fl-2"/>
      </object_component>
      <object_component id="oc-369">
         <name>.debug_info</name>
         <load_address>0x732</load_address>
         <run_address>0x732</run_address>
         <size>0x113</size>
         <input_file_ref idref="fl-2"/>
      </object_component>
      <object_component id="oc-5cf">
         <name>.debug_info</name>
         <load_address>0x845</load_address>
         <run_address>0x845</run_address>
         <size>0x48</size>
         <input_file_ref idref="fl-2"/>
      </object_component>
      <object_component id="oc-3fd">
         <name>.debug_info</name>
         <load_address>0x88d</load_address>
         <run_address>0x88d</run_address>
         <size>0x26b</size>
         <input_file_ref idref="fl-2"/>
      </object_component>
      <object_component id="oc-340">
         <name>.debug_info</name>
         <load_address>0xaf8</load_address>
         <run_address>0xaf8</run_address>
         <size>0x84</size>
         <input_file_ref idref="fl-2"/>
      </object_component>
      <object_component id="oc-461">
         <name>.debug_info</name>
         <load_address>0xb7c</load_address>
         <run_address>0xb7c</run_address>
         <size>0x275</size>
         <input_file_ref idref="fl-2"/>
      </object_component>
      <object_component id="oc-3f8">
         <name>.debug_info</name>
         <load_address>0xdf1</load_address>
         <run_address>0xdf1</run_address>
         <size>0xbb</size>
         <input_file_ref idref="fl-2"/>
      </object_component>
      <object_component id="oc-404">
         <name>.debug_info</name>
         <load_address>0xeac</load_address>
         <run_address>0xeac</run_address>
         <size>0x2c</size>
         <input_file_ref idref="fl-2"/>
      </object_component>
      <object_component id="oc-3b6">
         <name>.debug_info</name>
         <load_address>0xed8</load_address>
         <run_address>0xed8</run_address>
         <size>0x44f</size>
         <input_file_ref idref="fl-3"/>
      </object_component>
      <object_component id="oc-4fa">
         <name>.debug_info</name>
         <load_address>0x1327</load_address>
         <run_address>0x1327</run_address>
         <size>0x18a</size>
         <input_file_ref idref="fl-3"/>
      </object_component>
      <object_component id="oc-4e1">
         <name>.debug_info</name>
         <load_address>0x14b1</load_address>
         <run_address>0x14b1</run_address>
         <size>0x110</size>
         <input_file_ref idref="fl-3"/>
      </object_component>
      <object_component id="oc-357">
         <name>.debug_info</name>
         <load_address>0x15c1</load_address>
         <run_address>0x15c1</run_address>
         <size>0x117</size>
         <input_file_ref idref="fl-3"/>
      </object_component>
      <object_component id="oc-3c4">
         <name>.debug_info</name>
         <load_address>0x16d8</load_address>
         <run_address>0x16d8</run_address>
         <size>0x23a</size>
         <input_file_ref idref="fl-4"/>
      </object_component>
      <object_component id="oc-4f3">
         <name>.debug_info</name>
         <load_address>0x1912</load_address>
         <run_address>0x1912</run_address>
         <size>0x147</size>
         <input_file_ref idref="fl-4"/>
      </object_component>
      <object_component id="oc-46f">
         <name>.debug_info</name>
         <load_address>0x1a59</load_address>
         <run_address>0x1a59</run_address>
         <size>0x11f</size>
         <input_file_ref idref="fl-4"/>
      </object_component>
      <object_component id="oc-364">
         <name>.debug_info</name>
         <load_address>0x1b78</load_address>
         <run_address>0x1b78</run_address>
         <size>0x124</size>
         <input_file_ref idref="fl-4"/>
      </object_component>
      <object_component id="oc-46b">
         <name>.debug_info</name>
         <load_address>0x1c9c</load_address>
         <run_address>0x1c9c</run_address>
         <size>0x124</size>
         <input_file_ref idref="fl-5"/>
      </object_component>
      <object_component id="oc-3c2">
         <name>.debug_info</name>
         <load_address>0x1dc0</load_address>
         <run_address>0x1dc0</run_address>
         <size>0x367</size>
         <input_file_ref idref="fl-6"/>
      </object_component>
      <object_component id="oc-3bf">
         <name>.debug_info</name>
         <load_address>0x2127</load_address>
         <run_address>0x2127</run_address>
         <size>0xdd</size>
         <input_file_ref idref="fl-6"/>
      </object_component>
      <object_component id="oc-35d">
         <name>.debug_info</name>
         <load_address>0x2204</load_address>
         <run_address>0x2204</run_address>
         <size>0x145</size>
         <input_file_ref idref="fl-6"/>
      </object_component>
      <object_component id="oc-48a">
         <name>.debug_info</name>
         <load_address>0x2349</load_address>
         <run_address>0x2349</run_address>
         <size>0x142</size>
         <input_file_ref idref="fl-6"/>
      </object_component>
      <object_component id="oc-4da">
         <name>.debug_info</name>
         <load_address>0x248b</load_address>
         <run_address>0x248b</run_address>
         <size>0x134</size>
         <input_file_ref idref="fl-6"/>
      </object_component>
      <object_component id="oc-474">
         <name>.debug_info</name>
         <load_address>0x25bf</load_address>
         <run_address>0x25bf</run_address>
         <size>0x145</size>
         <input_file_ref idref="fl-6"/>
      </object_component>
      <object_component id="oc-40d">
         <name>.debug_info</name>
         <load_address>0x2704</load_address>
         <run_address>0x2704</run_address>
         <size>0x79</size>
         <input_file_ref idref="fl-6"/>
      </object_component>
      <object_component id="oc-3b8">
         <name>.debug_info</name>
         <load_address>0x277d</load_address>
         <run_address>0x277d</run_address>
         <size>0x30a</size>
         <input_file_ref idref="fl-7"/>
      </object_component>
      <object_component id="oc-519">
         <name>.debug_info</name>
         <load_address>0x2a87</load_address>
         <run_address>0x2a87</run_address>
         <size>0x15d</size>
         <input_file_ref idref="fl-7"/>
      </object_component>
      <object_component id="oc-4e9">
         <name>.debug_info</name>
         <load_address>0x2be4</load_address>
         <run_address>0x2be4</run_address>
         <size>0x12c</size>
         <input_file_ref idref="fl-7"/>
      </object_component>
      <object_component id="oc-4ef">
         <name>.debug_info</name>
         <load_address>0x2d10</load_address>
         <run_address>0x2d10</run_address>
         <size>0x12c</size>
         <input_file_ref idref="fl-7"/>
      </object_component>
      <object_component id="oc-47a">
         <name>.debug_info</name>
         <load_address>0x2e3c</load_address>
         <run_address>0x2e3c</run_address>
         <size>0x19d</size>
         <input_file_ref idref="fl-7"/>
      </object_component>
      <object_component id="oc-511">
         <name>.debug_info</name>
         <load_address>0x2fd9</load_address>
         <run_address>0x2fd9</run_address>
         <size>0x151</size>
         <input_file_ref idref="fl-7"/>
      </object_component>
      <object_component id="oc-51f">
         <name>.debug_info</name>
         <load_address>0x312a</load_address>
         <run_address>0x312a</run_address>
         <size>0x151</size>
         <input_file_ref idref="fl-7"/>
      </object_component>
      <object_component id="oc-5d6">
         <name>.debug_info</name>
         <load_address>0x327b</load_address>
         <run_address>0x327b</run_address>
         <size>0x1dd</size>
         <input_file_ref idref="fl-8"/>
      </object_component>
      <object_component id="oc-598">
         <name>.debug_info</name>
         <load_address>0x3458</load_address>
         <run_address>0x3458</run_address>
         <size>0xdb</size>
         <input_file_ref idref="fl-8"/>
      </object_component>
      <object_component id="oc-531">
         <name>.debug_info</name>
         <load_address>0x3533</load_address>
         <run_address>0x3533</run_address>
         <size>0x172</size>
         <input_file_ref idref="fl-8"/>
      </object_component>
      <object_component id="oc-482">
         <name>.debug_info</name>
         <load_address>0x36a5</load_address>
         <run_address>0x36a5</run_address>
         <size>0x130</size>
         <input_file_ref idref="fl-8"/>
      </object_component>
      <object_component id="oc-573">
         <name>.debug_info</name>
         <load_address>0x37d5</load_address>
         <run_address>0x37d5</run_address>
         <size>0x4c</size>
         <input_file_ref idref="fl-8"/>
      </object_component>
      <object_component id="oc-508">
         <name>.debug_info</name>
         <load_address>0x3821</load_address>
         <run_address>0x3821</run_address>
         <size>0x39a</size>
         <input_file_ref idref="fl-9"/>
      </object_component>
      <object_component id="oc-487">
         <name>.debug_info</name>
         <load_address>0x3bbb</load_address>
         <run_address>0x3bbb</run_address>
         <size>0x105</size>
         <input_file_ref idref="fl-9"/>
      </object_component>
      <object_component id="oc-493">
         <name>.debug_info</name>
         <load_address>0x3cc0</load_address>
         <run_address>0x3cc0</run_address>
         <size>0x24f</size>
         <input_file_ref idref="fl-9"/>
      </object_component>
      <object_component id="oc-499">
         <name>.debug_info</name>
         <load_address>0x3f0f</load_address>
         <run_address>0x3f0f</run_address>
         <size>0x1aa</size>
         <input_file_ref idref="fl-9"/>
      </object_component>
      <object_component id="oc-49f">
         <name>.debug_info</name>
         <load_address>0x40b9</load_address>
         <run_address>0x40b9</run_address>
         <size>0x242</size>
         <input_file_ref idref="fl-9"/>
      </object_component>
      <object_component id="oc-41f">
         <name>.debug_info</name>
         <load_address>0x42fb</load_address>
         <run_address>0x42fb</run_address>
         <size>0x19d</size>
         <input_file_ref idref="fl-9"/>
      </object_component>
      <object_component id="oc-419">
         <name>.debug_info</name>
         <load_address>0x4498</load_address>
         <run_address>0x4498</run_address>
         <size>0x177</size>
         <input_file_ref idref="fl-9"/>
      </object_component>
      <object_component id="oc-52a">
         <name>.debug_info</name>
         <load_address>0x460f</load_address>
         <run_address>0x460f</run_address>
         <size>0x51</size>
         <input_file_ref idref="fl-9"/>
      </object_component>
      <object_component id="oc-5c2">
         <name>.debug_info</name>
         <load_address>0x4660</load_address>
         <run_address>0x4660</run_address>
         <size>0x2c</size>
         <input_file_ref idref="fl-9"/>
      </object_component>
      <object_component id="oc-3d7">
         <name>.debug_info</name>
         <load_address>0x468c</load_address>
         <run_address>0x468c</run_address>
         <size>0x123</size>
         <input_file_ref idref="fl-a"/>
      </object_component>
      <object_component id="oc-590">
         <name>.debug_info</name>
         <load_address>0x47af</load_address>
         <run_address>0x47af</run_address>
         <size>0x20f</size>
         <input_file_ref idref="fl-2b"/>
      </object_component>
      <object_component id="oc-525">
         <name>.debug_info</name>
         <load_address>0x49be</load_address>
         <run_address>0x49be</run_address>
         <size>0x1c6</size>
         <input_file_ref idref="fl-2b"/>
      </object_component>
      <object_component id="oc-57f">
         <name>.debug_info</name>
         <load_address>0x4b84</load_address>
         <run_address>0x4b84</run_address>
         <size>0x19c</size>
         <input_file_ref idref="fl-2b"/>
      </object_component>
      <object_component id="oc-584">
         <name>.debug_info</name>
         <load_address>0x4d20</load_address>
         <run_address>0x4d20</run_address>
         <size>0x171</size>
         <input_file_ref idref="fl-2b"/>
      </object_component>
      <object_component id="oc-5f9">
         <name>.debug_info</name>
         <load_address>0x4e91</load_address>
         <run_address>0x4e91</run_address>
         <size>0x2c</size>
         <input_file_ref idref="fl-2b"/>
      </object_component>
      <object_component id="oc-353">
         <name>.debug_info</name>
         <load_address>0x4ebd</load_address>
         <run_address>0x4ebd</run_address>
         <size>0x113</size>
         <input_file_ref idref="fl-3e"/>
      </object_component>
      <object_component id="oc-5de">
         <name>.debug_info</name>
         <load_address>0x4fd0</load_address>
         <run_address>0x4fd0</run_address>
         <size>0x12a</size>
         <input_file_ref idref="fl-3f"/>
      </object_component>
      <object_component id="oc-55a">
         <name>.debug_info</name>
         <load_address>0x50fa</load_address>
         <run_address>0x50fa</run_address>
         <size>0x134</size>
         <input_file_ref idref="fl-40"/>
      </object_component>
      <object_component id="oc-5da">
         <name>.debug_info</name>
         <load_address>0x522e</load_address>
         <run_address>0x522e</run_address>
         <size>0x134</size>
         <input_file_ref idref="fl-43"/>
      </object_component>
      <object_component id="oc-337">
         <name>.debug_info</name>
         <load_address>0x5362</load_address>
         <run_address>0x5362</run_address>
         <size>0x104</size>
         <input_file_ref idref="fl-46"/>
      </object_component>
      <object_component id="oc-383">
         <name>.debug_info</name>
         <load_address>0x5466</load_address>
         <run_address>0x5466</run_address>
         <size>0x17e</size>
         <input_file_ref idref="fl-46"/>
      </object_component>
      <object_component id="oc-4bb">
         <name>.debug_info</name>
         <load_address>0x55e4</load_address>
         <run_address>0x55e4</run_address>
         <size>0x40d</size>
         <input_file_ref idref="fl-47"/>
      </object_component>
      <object_component id="oc-447">
         <name>.debug_info</name>
         <load_address>0x59f1</load_address>
         <run_address>0x59f1</run_address>
         <size>0x21a</size>
         <input_file_ref idref="fl-47"/>
      </object_component>
      <object_component id="oc-54e">
         <name>.debug_info</name>
         <load_address>0x5c0b</load_address>
         <run_address>0x5c0b</run_address>
         <size>0x39</size>
         <input_file_ref idref="fl-47"/>
      </object_component>
      <object_component id="oc-565">
         <name>.debug_info</name>
         <load_address>0x5c44</load_address>
         <run_address>0x5c44</run_address>
         <size>0x2c</size>
         <input_file_ref idref="fl-47"/>
      </object_component>
      <object_component id="oc-4c6">
         <name>.debug_info</name>
         <load_address>0x5c70</load_address>
         <run_address>0x5c70</run_address>
         <size>0x2c</size>
         <input_file_ref idref="fl-47"/>
      </object_component>
      <object_component id="oc-553">
         <name>.debug_info</name>
         <load_address>0x5c9c</load_address>
         <run_address>0x5c9c</run_address>
         <size>0xcd</size>
         <input_file_ref idref="fl-47"/>
      </object_component>
      <object_component id="oc-370">
         <name>.debug_info</name>
         <load_address>0x5d69</load_address>
         <run_address>0x5d69</run_address>
         <size>0x1d7</size>
         <input_file_ref idref="fl-48"/>
      </object_component>
      <object_component id="oc-3c9">
         <name>.debug_info</name>
         <load_address>0x5f40</load_address>
         <run_address>0x5f40</run_address>
         <size>0x46</size>
         <input_file_ref idref="fl-48"/>
      </object_component>
      <object_component id="oc-3d0">
         <name>.debug_info</name>
         <load_address>0x5f86</load_address>
         <run_address>0x5f86</run_address>
         <size>0x157</size>
         <input_file_ref idref="fl-4b"/>
      </object_component>
      <object_component id="oc-4b7">
         <name>.debug_info</name>
         <load_address>0x60dd</load_address>
         <run_address>0x60dd</run_address>
         <size>0x154</size>
         <input_file_ref idref="fl-4c"/>
      </object_component>
      <object_component id="oc-350">
         <name>.debug_info</name>
         <load_address>0x6231</load_address>
         <run_address>0x6231</run_address>
         <size>0x1de</size>
         <input_file_ref idref="fl-4d"/>
      </object_component>
      <object_component id="oc-76">
         <name>.debug_info</name>
         <load_address>0x640f</load_address>
         <run_address>0x640f</run_address>
         <size>0x1f6</size>
         <input_file_ref idref="fl-4d"/>
      </object_component>
      <object_component id="oc-34b">
         <name>.debug_info</name>
         <load_address>0x6605</load_address>
         <run_address>0x6605</run_address>
         <size>0x46</size>
         <input_file_ref idref="fl-4d"/>
      </object_component>
      <object_component id="oc-6d">
         <name>.debug_info</name>
         <load_address>0x664b</load_address>
         <run_address>0x664b</run_address>
         <size>0x2bc</size>
         <input_file_ref idref="fl-4e"/>
      </object_component>
      <object_component id="oc-3f1">
         <name>.debug_info</name>
         <load_address>0x6907</load_address>
         <run_address>0x6907</run_address>
         <size>0x46</size>
         <input_file_ref idref="fl-4e"/>
      </object_component>
      <object_component id="oc-3ac">
         <name>.debug_info</name>
         <load_address>0x694d</load_address>
         <run_address>0x694d</run_address>
         <size>0x39</size>
         <input_file_ref idref="fl-4e"/>
      </object_component>
      <object_component id="oc-33b">
         <name>.debug_info</name>
         <load_address>0x6986</load_address>
         <run_address>0x6986</run_address>
         <size>0x60</size>
         <input_file_ref idref="fl-4e"/>
      </object_component>
      <object_component id="oc-425">
         <name>.debug_info</name>
         <load_address>0x69e6</load_address>
         <run_address>0x69e6</run_address>
         <size>0x126</size>
         <input_file_ref idref="fl-4f"/>
      </object_component>
      <object_component id="oc-5a8">
         <name>.debug_info</name>
         <load_address>0x6b0c</load_address>
         <run_address>0x6b0c</run_address>
         <size>0x185</size>
         <input_file_ref idref="fl-52"/>
      </object_component>
      <object_component id="oc-55f">
         <name>.debug_info</name>
         <load_address>0x6c91</load_address>
         <run_address>0x6c91</run_address>
         <size>0x17e</size>
         <input_file_ref idref="fl-52"/>
      </object_component>
      <object_component id="oc-579">
         <name>.debug_info</name>
         <load_address>0x6e0f</load_address>
         <run_address>0x6e0f</run_address>
         <size>0x171</size>
         <input_file_ref idref="fl-53"/>
      </object_component>
      <object_component id="oc-50d">
         <name>.debug_info</name>
         <load_address>0x6f80</load_address>
         <run_address>0x6f80</run_address>
         <size>0x27f</size>
         <input_file_ref idref="fl-53"/>
      </object_component>
      <object_component id="oc-5e8">
         <name>.debug_info</name>
         <load_address>0x71ff</load_address>
         <run_address>0x71ff</run_address>
         <size>0x166</size>
         <input_file_ref idref="fl-54"/>
      </object_component>
      <object_component id="oc-5b7">
         <name>.debug_info</name>
         <load_address>0x7365</load_address>
         <run_address>0x7365</run_address>
         <size>0x23a</size>
         <input_file_ref idref="fl-54"/>
      </object_component>
      <object_component id="oc-5c1">
         <name>.debug_info</name>
         <load_address>0x759f</load_address>
         <run_address>0x759f</run_address>
         <size>0x2d6</size>
         <input_file_ref idref="fl-55"/>
      </object_component>
      <object_component id="oc-5ed">
         <name>.debug_info</name>
         <load_address>0x7875</load_address>
         <run_address>0x7875</run_address>
         <size>0x29f</size>
         <input_file_ref idref="fl-55"/>
      </object_component>
      <object_component id="oc-5bd">
         <name>.debug_info</name>
         <load_address>0x7b14</load_address>
         <run_address>0x7b14</run_address>
         <size>0x293</size>
         <input_file_ref idref="fl-55"/>
      </object_component>
      <object_component id="oc-58c">
         <name>.debug_info</name>
         <load_address>0x7da7</load_address>
         <run_address>0x7da7</run_address>
         <size>0x31b</size>
         <input_file_ref idref="fl-55"/>
      </object_component>
      <object_component id="oc-5c7">
         <name>.debug_info</name>
         <load_address>0x80c2</load_address>
         <run_address>0x80c2</run_address>
         <size>0x86</size>
         <input_file_ref idref="fl-55"/>
      </object_component>
      <object_component id="oc-60c">
         <name>.debug_info</name>
         <load_address>0x8148</load_address>
         <run_address>0x8148</run_address>
         <size>0x39</size>
         <input_file_ref idref="fl-55"/>
      </object_component>
      <object_component id="oc-608">
         <name>.debug_info</name>
         <load_address>0x8181</load_address>
         <run_address>0x8181</run_address>
         <size>0x125</size>
         <input_file_ref idref="fl-56"/>
      </object_component>
      <object_component id="oc-347">
         <name>.debug_info</name>
         <load_address>0x82a6</load_address>
         <run_address>0x82a6</run_address>
         <size>0x125</size>
         <input_file_ref idref="fl-57"/>
      </object_component>
      <object_component id="oc-612">
         <name>.debug_info</name>
         <load_address>0x83cb</load_address>
         <run_address>0x83cb</run_address>
         <size>0x172</size>
         <input_file_ref idref="fl-5b"/>
      </object_component>
      <object_component id="oc-5f1">
         <name>.debug_info</name>
         <load_address>0x853d</load_address>
         <run_address>0x853d</run_address>
         <size>0x1ba</size>
         <input_file_ref idref="fl-5b"/>
      </object_component>
      <object_component id="oc-689">
         <name>.debug_info</name>
         <load_address>0x86f7</load_address>
         <run_address>0x86f7</run_address>
         <size>0xa0</size>
      </object_component>
      <object_component id="oc-4d6">
         <name>.debug_line</name>
         <load_address>0x0</load_address>
         <run_address>0x0</run_address>
         <size>0x5a</size>
         <input_file_ref idref="fl-2"/>
      </object_component>
      <object_component id="oc-603">
         <name>.debug_line</name>
         <load_address>0x5a</load_address>
         <run_address>0x5a</run_address>
         <size>0x34</size>
         <input_file_ref idref="fl-2"/>
      </object_component>
      <object_component id="oc-596">
         <name>.debug_line</name>
         <load_address>0x8e</load_address>
         <run_address>0x8e</run_address>
         <size>0x52</size>
         <input_file_ref idref="fl-2"/>
      </object_component>
      <object_component id="oc-501">
         <name>.debug_line</name>
         <load_address>0xe0</load_address>
         <run_address>0xe0</run_address>
         <size>0x49</size>
         <input_file_ref idref="fl-2"/>
      </object_component>
      <object_component id="oc-59b">
         <name>.debug_line</name>
         <load_address>0x129</load_address>
         <run_address>0x129</run_address>
         <size>0x4a</size>
         <input_file_ref idref="fl-2"/>
      </object_component>
      <object_component id="oc-36c">
         <name>.debug_line</name>
         <load_address>0x173</load_address>
         <run_address>0x173</run_address>
         <size>0x48</size>
         <input_file_ref idref="fl-2"/>
      </object_component>
      <object_component id="oc-5d2">
         <name>.debug_line</name>
         <load_address>0x1bb</load_address>
         <run_address>0x1bb</run_address>
         <size>0x5c</size>
         <input_file_ref idref="fl-2"/>
      </object_component>
      <object_component id="oc-400">
         <name>.debug_line</name>
         <load_address>0x217</load_address>
         <run_address>0x217</run_address>
         <size>0x72</size>
         <input_file_ref idref="fl-2"/>
      </object_component>
      <object_component id="oc-343">
         <name>.debug_line</name>
         <load_address>0x289</load_address>
         <run_address>0x289</run_address>
         <size>0x20</size>
         <input_file_ref idref="fl-2"/>
      </object_component>
      <object_component id="oc-464">
         <name>.debug_line</name>
         <load_address>0x2a9</load_address>
         <run_address>0x2a9</run_address>
         <size>0x76</size>
         <input_file_ref idref="fl-2"/>
      </object_component>
      <object_component id="oc-3fb">
         <name>.debug_line</name>
         <load_address>0x31f</load_address>
         <run_address>0x31f</run_address>
         <size>0x73</size>
         <input_file_ref idref="fl-2"/>
      </object_component>
      <object_component id="oc-407">
         <name>.debug_line</name>
         <load_address>0x392</load_address>
         <run_address>0x392</run_address>
         <size>0x6e</size>
         <input_file_ref idref="fl-2"/>
      </object_component>
      <object_component id="oc-3f7">
         <name>.debug_line</name>
         <load_address>0x400</load_address>
         <run_address>0x400</run_address>
         <size>0xd5</size>
         <input_file_ref idref="fl-3"/>
      </object_component>
      <object_component id="oc-4f9">
         <name>.debug_line</name>
         <load_address>0x4d5</load_address>
         <run_address>0x4d5</run_address>
         <size>0x4f</size>
         <input_file_ref idref="fl-3"/>
      </object_component>
      <object_component id="oc-4e4">
         <name>.debug_line</name>
         <load_address>0x524</load_address>
         <run_address>0x524</run_address>
         <size>0x51</size>
         <input_file_ref idref="fl-3"/>
      </object_component>
      <object_component id="oc-35a">
         <name>.debug_line</name>
         <load_address>0x575</load_address>
         <run_address>0x575</run_address>
         <size>0x69</size>
         <input_file_ref idref="fl-3"/>
      </object_component>
      <object_component id="oc-413">
         <name>.debug_line</name>
         <load_address>0x5de</load_address>
         <run_address>0x5de</run_address>
         <size>0x71</size>
         <input_file_ref idref="fl-4"/>
      </object_component>
      <object_component id="oc-4f7">
         <name>.debug_line</name>
         <load_address>0x64f</load_address>
         <run_address>0x64f</run_address>
         <size>0x52</size>
         <input_file_ref idref="fl-4"/>
      </object_component>
      <object_component id="oc-46e">
         <name>.debug_line</name>
         <load_address>0x6a1</load_address>
         <run_address>0x6a1</run_address>
         <size>0x4b</size>
         <input_file_ref idref="fl-4"/>
      </object_component>
      <object_component id="oc-363">
         <name>.debug_line</name>
         <load_address>0x6ec</load_address>
         <run_address>0x6ec</run_address>
         <size>0x54</size>
         <input_file_ref idref="fl-4"/>
      </object_component>
      <object_component id="oc-469">
         <name>.debug_line</name>
         <load_address>0x740</load_address>
         <run_address>0x740</run_address>
         <size>0x52</size>
         <input_file_ref idref="fl-5"/>
      </object_component>
      <object_component id="oc-40c">
         <name>.debug_line</name>
         <load_address>0x792</load_address>
         <run_address>0x792</run_address>
         <size>0x5a</size>
         <input_file_ref idref="fl-6"/>
      </object_component>
      <object_component id="oc-40a">
         <name>.debug_line</name>
         <load_address>0x7ec</load_address>
         <run_address>0x7ec</run_address>
         <size>0x3c</size>
         <input_file_ref idref="fl-6"/>
      </object_component>
      <object_component id="oc-360">
         <name>.debug_line</name>
         <load_address>0x828</load_address>
         <run_address>0x828</run_address>
         <size>0x71</size>
         <input_file_ref idref="fl-6"/>
      </object_component>
      <object_component id="oc-48d">
         <name>.debug_line</name>
         <load_address>0x899</load_address>
         <run_address>0x899</run_address>
         <size>0x4f</size>
         <input_file_ref idref="fl-6"/>
      </object_component>
      <object_component id="oc-4dd">
         <name>.debug_line</name>
         <load_address>0x8e8</load_address>
         <run_address>0x8e8</run_address>
         <size>0x4f</size>
         <input_file_ref idref="fl-6"/>
      </object_component>
      <object_component id="oc-478">
         <name>.debug_line</name>
         <load_address>0x937</load_address>
         <run_address>0x937</run_address>
         <size>0x60</size>
         <input_file_ref idref="fl-6"/>
      </object_component>
      <object_component id="oc-410">
         <name>.debug_line</name>
         <load_address>0x997</load_address>
         <run_address>0x997</run_address>
         <size>0x64</size>
         <input_file_ref idref="fl-6"/>
      </object_component>
      <object_component id="oc-403">
         <name>.debug_line</name>
         <load_address>0x9fb</load_address>
         <run_address>0x9fb</run_address>
         <size>0x123</size>
         <input_file_ref idref="fl-7"/>
      </object_component>
      <object_component id="oc-51c">
         <name>.debug_line</name>
         <load_address>0xb1e</load_address>
         <run_address>0xb1e</run_address>
         <size>0x4e</size>
         <input_file_ref idref="fl-7"/>
      </object_component>
      <object_component id="oc-4e8">
         <name>.debug_line</name>
         <load_address>0xb6c</load_address>
         <run_address>0xb6c</run_address>
         <size>0x4d</size>
         <input_file_ref idref="fl-7"/>
      </object_component>
      <object_component id="oc-4ee">
         <name>.debug_line</name>
         <load_address>0xbb9</load_address>
         <run_address>0xbb9</run_address>
         <size>0x4d</size>
         <input_file_ref idref="fl-7"/>
      </object_component>
      <object_component id="oc-47d">
         <name>.debug_line</name>
         <load_address>0xc06</load_address>
         <run_address>0xc06</run_address>
         <size>0x5c</size>
         <input_file_ref idref="fl-7"/>
      </object_component>
      <object_component id="oc-514">
         <name>.debug_line</name>
         <load_address>0xc62</load_address>
         <run_address>0xc62</run_address>
         <size>0x4f</size>
         <input_file_ref idref="fl-7"/>
      </object_component>
      <object_component id="oc-522">
         <name>.debug_line</name>
         <load_address>0xcb1</load_address>
         <run_address>0xcb1</run_address>
         <size>0x4f</size>
         <input_file_ref idref="fl-7"/>
      </object_component>
      <object_component id="oc-5ff">
         <name>.debug_line</name>
         <load_address>0xd00</load_address>
         <run_address>0xd00</run_address>
         <size>0x96</size>
         <input_file_ref idref="fl-8"/>
      </object_component>
      <object_component id="oc-5d5">
         <name>.debug_line</name>
         <load_address>0xd96</load_address>
         <run_address>0xd96</run_address>
         <size>0x39</size>
         <input_file_ref idref="fl-8"/>
      </object_component>
      <object_component id="oc-534">
         <name>.debug_line</name>
         <load_address>0xdcf</load_address>
         <run_address>0xdcf</run_address>
         <size>0x4d</size>
         <input_file_ref idref="fl-8"/>
      </object_component>
      <object_component id="oc-480">
         <name>.debug_line</name>
         <load_address>0xe1c</load_address>
         <run_address>0xe1c</run_address>
         <size>0x4d</size>
         <input_file_ref idref="fl-8"/>
      </object_component>
      <object_component id="oc-576">
         <name>.debug_line</name>
         <load_address>0xe69</load_address>
         <run_address>0xe69</run_address>
         <size>0x61</size>
         <input_file_ref idref="fl-8"/>
      </object_component>
      <object_component id="oc-572">
         <name>.debug_line</name>
         <load_address>0xeca</load_address>
         <run_address>0xeca</run_address>
         <size>0x1b1</size>
         <input_file_ref idref="fl-9"/>
      </object_component>
      <object_component id="oc-507">
         <name>.debug_line</name>
         <load_address>0x107b</load_address>
         <run_address>0x107b</run_address>
         <size>0x38</size>
         <input_file_ref idref="fl-9"/>
      </object_component>
      <object_component id="oc-492">
         <name>.debug_line</name>
         <load_address>0x10b3</load_address>
         <run_address>0x10b3</run_address>
         <size>0x68</size>
         <input_file_ref idref="fl-9"/>
      </object_component>
      <object_component id="oc-498">
         <name>.debug_line</name>
         <load_address>0x111b</load_address>
         <run_address>0x111b</run_address>
         <size>0x74</size>
         <input_file_ref idref="fl-9"/>
      </object_component>
      <object_component id="oc-49e">
         <name>.debug_line</name>
         <load_address>0x118f</load_address>
         <run_address>0x118f</run_address>
         <size>0x68</size>
         <input_file_ref idref="fl-9"/>
      </object_component>
      <object_component id="oc-41e">
         <name>.debug_line</name>
         <load_address>0x11f7</load_address>
         <run_address>0x11f7</run_address>
         <size>0x61</size>
         <input_file_ref idref="fl-9"/>
      </object_component>
      <object_component id="oc-418">
         <name>.debug_line</name>
         <load_address>0x1258</load_address>
         <run_address>0x1258</run_address>
         <size>0x52</size>
         <input_file_ref idref="fl-9"/>
      </object_component>
      <object_component id="oc-52d">
         <name>.debug_line</name>
         <load_address>0x12aa</load_address>
         <run_address>0x12aa</run_address>
         <size>0x60</size>
         <input_file_ref idref="fl-9"/>
      </object_component>
      <object_component id="oc-5c5">
         <name>.debug_line</name>
         <load_address>0x130a</load_address>
         <run_address>0x130a</run_address>
         <size>0x6e</size>
         <input_file_ref idref="fl-9"/>
      </object_component>
      <object_component id="oc-3da">
         <name>.debug_line</name>
         <load_address>0x1378</load_address>
         <run_address>0x1378</run_address>
         <size>0x47</size>
         <input_file_ref idref="fl-a"/>
      </object_component>
      <object_component id="oc-5cd">
         <name>.debug_line</name>
         <load_address>0x13bf</load_address>
         <run_address>0x13bf</run_address>
         <size>0x2d</size>
         <input_file_ref idref="fl-2b"/>
      </object_component>
      <object_component id="oc-524">
         <name>.debug_line</name>
         <load_address>0x13ec</load_address>
         <run_address>0x13ec</run_address>
         <size>0x47</size>
         <input_file_ref idref="fl-2b"/>
      </object_component>
      <object_component id="oc-57e">
         <name>.debug_line</name>
         <load_address>0x1433</load_address>
         <run_address>0x1433</run_address>
         <size>0x42</size>
         <input_file_ref idref="fl-2b"/>
      </object_component>
      <object_component id="oc-588">
         <name>.debug_line</name>
         <load_address>0x1475</load_address>
         <run_address>0x1475</run_address>
         <size>0x3d</size>
         <input_file_ref idref="fl-2b"/>
      </object_component>
      <object_component id="oc-5fc">
         <name>.debug_line</name>
         <load_address>0x14b2</load_address>
         <run_address>0x14b2</run_address>
         <size>0x94</size>
         <input_file_ref idref="fl-2b"/>
      </object_component>
      <object_component id="oc-352">
         <name>.debug_line</name>
         <load_address>0x1546</load_address>
         <run_address>0x1546</run_address>
         <size>0x3d</size>
         <input_file_ref idref="fl-3e"/>
      </object_component>
      <object_component id="oc-5dd">
         <name>.debug_line</name>
         <load_address>0x1583</load_address>
         <run_address>0x1583</run_address>
         <size>0x56</size>
         <input_file_ref idref="fl-3f"/>
      </object_component>
      <object_component id="oc-559">
         <name>.debug_line</name>
         <load_address>0x15d9</load_address>
         <run_address>0x15d9</run_address>
         <size>0x46</size>
         <input_file_ref idref="fl-40"/>
      </object_component>
      <object_component id="oc-5d8">
         <name>.debug_line</name>
         <load_address>0x161f</load_address>
         <run_address>0x161f</run_address>
         <size>0x49</size>
         <input_file_ref idref="fl-43"/>
      </object_component>
      <object_component id="oc-3ab">
         <name>.debug_line</name>
         <load_address>0x1668</load_address>
         <run_address>0x1668</run_address>
         <size>0x2a</size>
         <input_file_ref idref="fl-46"/>
      </object_component>
      <object_component id="oc-385">
         <name>.debug_line</name>
         <load_address>0x1692</load_address>
         <run_address>0x1692</run_address>
         <size>0x46</size>
         <input_file_ref idref="fl-46"/>
      </object_component>
      <object_component id="oc-54d">
         <name>.debug_line</name>
         <load_address>0x16d8</load_address>
         <run_address>0x16d8</run_address>
         <size>0xc2</size>
         <input_file_ref idref="fl-47"/>
      </object_component>
      <object_component id="oc-44b">
         <name>.debug_line</name>
         <load_address>0x179a</load_address>
         <run_address>0x179a</run_address>
         <size>0x83</size>
         <input_file_ref idref="fl-47"/>
      </object_component>
      <object_component id="oc-551">
         <name>.debug_line</name>
         <load_address>0x181d</load_address>
         <run_address>0x181d</run_address>
         <size>0x2e</size>
         <input_file_ref idref="fl-47"/>
      </object_component>
      <object_component id="oc-568">
         <name>.debug_line</name>
         <load_address>0x184b</load_address>
         <run_address>0x184b</run_address>
         <size>0x9d</size>
         <input_file_ref idref="fl-47"/>
      </object_component>
      <object_component id="oc-4c9">
         <name>.debug_line</name>
         <load_address>0x18e8</load_address>
         <run_address>0x18e8</run_address>
         <size>0x9a</size>
         <input_file_ref idref="fl-47"/>
      </object_component>
      <object_component id="oc-556">
         <name>.debug_line</name>
         <load_address>0x1982</load_address>
         <run_address>0x1982</run_address>
         <size>0x96</size>
         <input_file_ref idref="fl-47"/>
      </object_component>
      <object_component id="oc-36f">
         <name>.debug_line</name>
         <load_address>0x1a18</load_address>
         <run_address>0x1a18</run_address>
         <size>0x53</size>
         <input_file_ref idref="fl-48"/>
      </object_component>
      <object_component id="oc-3cc">
         <name>.debug_line</name>
         <load_address>0x1a6b</load_address>
         <run_address>0x1a6b</run_address>
         <size>0x34</size>
         <input_file_ref idref="fl-48"/>
      </object_component>
      <object_component id="oc-3d4">
         <name>.debug_line</name>
         <load_address>0x1a9f</load_address>
         <run_address>0x1a9f</run_address>
         <size>0x3e</size>
         <input_file_ref idref="fl-4b"/>
      </object_component>
      <object_component id="oc-4b9">
         <name>.debug_line</name>
         <load_address>0x1add</load_address>
         <run_address>0x1add</run_address>
         <size>0x3a</size>
         <input_file_ref idref="fl-4c"/>
[...]
      <symbol id="sm-280">
         <name>UCA1CTLW0_L</name>
         <value>0x600</value>
      </symbol>
      <symbol id="sm-281">
         <name>UCA1CTLW0_H</name>
         <value>0x601</value>
      </symbol>
      <symbol id="sm-282">
         <name>UCA1BRW</name>
         <value>0x606</value>
      </symbol>
      <symbol id="sm-283">
         <name>UCA1BRW_L</name>
         <value>0x606</value>
      </symbol>
      <symbol id="sm-284">
         <name>UCA1BRW_H</name>
         <value>0x607</value>
      </symbol>
      <symbol id="sm-285">
         <name>UCA1MCTL</name>
         <value>0x608</value>
      </symbol>
      <symbol id="sm-286">
         <name>UCA1STAT</name>
         <value>0x60a</value>
      </symbol>
      <symbol id="sm-287">
         <name>UCA1RXBUF</name>
         <value>0x60c</value>
      </symbol>
      <symbol id="sm-288">
         <name>UCA1TXBUF</name>
         <value>0x60e</value>
      </symbol>
      <symbol id="sm-289">
         <name>UCA1ABCTL</name>
         <value>0x610</value>
      </symbol>
      <symbol id="sm-28a">
         <name>UCA1IRCTL</name>
         <value>0x612</value>
      </symbol>
      <symbol id="sm-28b">
         <name>UCA1IRCTL_L</name>
         <value>0x612</value>
      </symbol>
      <symbol id="sm-28c">
         <name>UCA1IRCTL_H</name>
         <value>0x613</value>
      </symbol>
      <symbol id="sm-28d">
         <name>UCA1ICTL</name>
         <value>0x61c</value>
      </symbol>
      <symbol id="sm-28e">
         <name>UCA1ICTL_L</name>
         <value>0x61c</value>
      </symbol>
      <symbol id="sm-28f">
         <name>UCA1ICTL_H</name>
         <value>0x61d</value>
      </symbol>
      <symbol id="sm-290">
         <name>UCA1IV</name>
         <value>0x61e</value>
      </symbol>
      <symbol id="sm-291">
         <name>UCB1CTLW0</name>
         <value>0x620</value>
      </symbol>
      <symbol id="sm-292">
         <name>UCB1CTLW0_L</name>
         <value>0x620</value>
      </symbol>
      <symbol id="sm-293">
         <name>UCB1CTLW0_H</name>
         <value>0x621</value>
      </symbol>
      <symbol id="sm-294">
         <name>UCB1BRW</name>
         <value>0x626</value>
      </symbol>
      <symbol id="sm-295">
         <name>UCB1BRW_L</name>
         <value>0x626</value>
      </symbol>
      <symbol id="sm-296">
         <name>UCB1BRW_H</name>
         <value>0x627</value>
      </symbol>
      <symbol id="sm-297">
         <name>UCB1STAT</name>
         <value>0x62a</value>
      </symbol>
      <symbol id="sm-298">
         <name>UCB1RXBUF</name>
         <value>0x62c</value>
      </symbol>
      <symbol id="sm-299">
         <name>UCB1TXBUF</name>
         <value>0x62e</value>
      </symbol>
      <symbol id="sm-29a">
         <name>UCB1I2COA</name>
         <value>0x630</value>
      </symbol>
      <symbol id="sm-29b">
         <name>UCB1I2COA_L</name>
         <value>0x630</value>
      </symbol>
      <symbol id="sm-29c">
         <name>UCB1I2COA_H</name>
         <value>0x631</value>
      </symbol>
      <symbol id="sm-29d">
         <name>UCB1I2CSA</name>
         <value>0x632</value>
      </symbol>
      <symbol id="sm-29e">
         <name>UCB1I2CSA_L</name>
         <value>0x632</value>
      </symbol>
      <symbol id="sm-29f">
         <name>UCB1I2CSA_H</name>
         <value>0x633</value>
      </symbol>
      <symbol id="sm-2a0">
         <name>UCB1ICTL</name>
         <value>0x63c</value>
      </symbol>
      <symbol id="sm-2a1">
         <name>UCB1ICTL_L</name>
         <value>0x63c</value>
      </symbol>
      <symbol id="sm-2a2">
         <name>UCB1ICTL_H</name>
         <value>0x63d</value>
      </symbol>
      <symbol id="sm-2a3">
         <name>UCB1IV</name>
         <value>0x63e</value>
      </symbol>
      <symbol id="sm-2a4">
         <name>WDTCTL</name>
         <value>0x15c</value>
      </symbol>
      <symbol id="sm-2a5">
         <name>WDTCTL_L</name>
         <value>0x15c</value>
      </symbol>
      <symbol id="sm-2a6">
         <name>WDTCTL_H</name>
         <value>0x15d</value>
      </symbol>
      <symbol id="sm-2a7">
         <name>__TI_CINIT_Base</name>
         <value>0x8c8a</value>
      </symbol>
      <symbol id="sm-2a8">
         <name>__TI_CINIT_Limit</name>
         <value>0x8c9a</value>
      </symbol>
      <symbol id="sm-2a9">
         <name>__TI_Handler_Table_Base</name>
         <value>0x8c72</value>
      </symbol>
      <symbol id="sm-2aa">
         <name>__TI_Handler_Table_Limit</name>
         <value>0x8c7e</value>
      </symbol>
      <symbol id="sm-2ab">
         <name>__STACK_SIZE</name>
         <value>0xa0</value>
      </symbol>
      <symbol id="sm-2ac">
         <name>__STACK_END</name>
         <value>0x3400</value>
      </symbol>
      <symbol id="sm-2ad">
         <name>__c_args__</name>
         <value>0xffffffff</value>
      </symbol>
      <symbol id="sm-2ae">
         <name>__TI_pprof_out_hndl</name>
         <value>0xffffffff</value>
      </symbol>
      <symbol id="sm-2af">
         <name>__TI_prof_data_start</name>
         <value>0xffffffff</value>
      </symbol>
      <symbol id="sm-2b0">
         <name>__TI_prof_data_size</name>
         <value>0xffffffff</value>
      </symbol>
      <symbol id="sm-353">
         <name>adc10_isr</name>
         <value>0x8bbc</value>
         <object_component_ref idref="oc-368"/>
      </symbol>
      <symbol id="sm-354">
         <name>__TI_int54</name>
         <value>0xffec</value>
         <object_component_ref idref="oc-85"/>
      </symbol>
      <symbol id="sm-355">
         <name>adc_conversion</name>
         <value>0x8948</value>
         <object_component_ref idref="oc-59a"/>
      </symbol>
      <symbol id="sm-356">
         <name>adc_init</name>
         <value>0x8b12</value>
         <object_component_ref idref="oc-4ff"/>
      </symbol>
      <symbol id="sm-357">
         <name>adc_read</name>
         <value>0x89c2</value>
         <object_component_ref idref="oc-591"/>
      </symbol>
      <symbol id="sm-378">
         <name>PTxData</name>
         <value>0x2410</value>
      </symbol>
      <symbol id="sm-379">
         <name>TXByteCtr</name>
         <value>0x2413</value>
      </symbol>
      <symbol id="sm-37a">
         <name>PRxData</name>
         <value>0x240e</value>
      </symbol>
      <symbol id="sm-37b">
         <name>RXByteCtr</name>
         <value>0x2412</value>
      </symbol>
      <symbol id="sm-37c">
         <name>i2c_send</name>
         <value>0x89e8</value>
         <object_component_ref idref="oc-4f8"/>
      </symbol>
      <symbol id="sm-37d">
         <name>__TI_int45</name>
         <value>0xffda</value>
         <object_component_ref idref="oc-7c"/>
      </symbol>
      <symbol id="sm-37e">
         <name>USCI_B1_ISR</name>
         <value>0x8568</value>
         <object_component_ref idref="oc-356"/>
      </symbol>
      <symbol id="sm-37f">
         <name>i2c_init</name>
         <value>0x8912</value>
         <object_component_ref idref="oc-4e0"/>
      </symbol>
      <symbol id="sm-39e">
         <name>counter</name>
         <value>0x2408</value>
      </symbol>
      <symbol id="sm-39f">
         <name>wait_ms</name>
         <value>0x88da</value>
         <object_component_ref idref="oc-4f2"/>
      </symbol>
      <symbol id="sm-3a0">
         <name>__TI_int53</name>
         <value>0xffea</value>
         <object_component_ref idref="oc-84"/>
      </symbol>
      <symbol id="sm-3a1">
         <name>timer0_A0_ISR</name>
         <value>0x8972</value>
         <object_component_ref idref="oc-362"/>
      </symbol>
      <symbol id="sm-3a2">
         <name>timers_init</name>
         <value>0x8bae</value>
         <object_component_ref idref="oc-46d"/>
      </symbol>
      <symbol id="sm-3ab">
         <name>ucs_cfg_init</name>
         <value>0x899a</value>
         <object_component_ref idref="oc-467"/>
      </symbol>
      <symbol id="sm-3de">
         <name>buttons_en_irq</name>
         <value>0x8bdc</value>
         <object_component_ref idref="oc-4d9"/>
      </symbol>
      <symbol id="sm-3df">
         <name>buttons_init</name>
         <value>0x8718</value>
         <object_component_ref idref="oc-473"/>
      </symbol>
      <symbol id="sm-3e0">
         <name>__TI_int47</name>
         <value>0xffde</value>
         <object_component_ref idref="oc-7e"/>
      </symbol>
      <symbol id="sm-3e1">
         <name>port1_isr</name>
         <value>0x84ec</value>
         <object_component_ref idref="oc-35c"/>
      </symbol>
      <symbol id="sm-3e2">
         <name>buttons_lastPressed</name>
         <value>0x8bea</value>
         <object_component_ref idref="oc-489"/>
      </symbol>
      <symbol id="sm-412">
         <name>lcd_2ndLineShift</name>
         <value>0x8a4e</value>
         <object_component_ref idref="oc-51d"/>
      </symbol>
      <symbol id="sm-413">
         <name>lcd_resetPinInit</name>
         <value>0x8b92</value>
         <object_component_ref idref="oc-4e6"/>
      </symbol>
      <symbol id="sm-414">
         <name>lcd_sendLine</name>
         <value>0x8b82</value>
         <object_component_ref idref="oc-517"/>
      </symbol>
      <symbol id="sm-415">
         <name>lcd_reset</name>
         <value>0x8b4c</value>
         <object_component_ref idref="oc-4ec"/>
      </symbol>
      <symbol id="sm-416">
         <name>lcd_init</name>
         <value>0x8644</value>
         <object_component_ref idref="oc-479"/>
      </symbol>
      <symbol id="sm-417">
         <name>lcd_clearDisplay</name>
         <value>0x8a6a</value>
         <object_component_ref idref="oc-510"/>
      </symbol>
      <symbol id="sm-434">
         <name>ldrs_init</name>
         <value>0x8bc8</value>
         <object_component_ref idref="oc-47f"/>
      </symbol>
      <symbol id="sm-435">
         <name>lecture</name>
         <value>0x2414</value>
         <object_component_ref idref="oc-597"/>
      </symbol>
      <symbol id="sm-436">
         <name>ldrs_readVoltage</name>
         <value>0x8b5e</value>
         <object_component_ref idref="oc-530"/>
      </symbol>
      <symbol id="sm-484">
         <name>robot_showMenu</name>
         <value>0x83a2</value>
         <object_component_ref idref="oc-48f"/>
      </symbol>
      <symbol id="sm-485">
         <name>robot_mainMenu</name>
         <value>0x87aa</value>
         <object_component_ref idref="oc-41b"/>
      </symbol>
      <symbol id="sm-486">
         <name>robot_calibADC</name>
         <value>0x8456</value>
         <object_component_ref idref="oc-49b"/>
      </symbol>
      <symbol id="sm-487">
         <name>robot_changeMenu</name>
         <value>0x86ae</value>
         <object_component_ref idref="oc-495"/>
      </symbol>
      <symbol id="sm-488">
         <name>robot_init</name>
         <value>0x8ae6</value>
         <object_component_ref idref="oc-415"/>
      </symbol>
      <symbol id="sm-492">
         <name>main</name>
         <value>0x8ab6</value>
         <object_component_ref idref="oc-3d5"/>
      </symbol>
      <symbol id="sm-4b3">
         <name>sprintf</name>
         <value>0x88a2</value>
         <object_component_ref idref="oc-523"/>
      </symbol>
      <symbol id="sm-4b6">
         <name>__TI_int41</name>
         <value>0xffd2</value>
         <object_component_ref idref="oc-78"/>
      </symbol>
      <symbol id="sm-4b9">
         <name>__TI_int42</name>
         <value>0xffd4</value>
         <object_component_ref idref="oc-79"/>
      </symbol>
      <symbol id="sm-4bc">
         <name>__TI_int43</name>
         <value>0xffd6</value>
         <object_component_ref idref="oc-7a"/>
      </symbol>
      <symbol id="sm-4bf">
         <name>__TI_int44</name>
         <value>0xffd8</value>
         <object_component_ref idref="oc-7b"/>
      </symbol>
      <symbol id="sm-4c2">
         <name>__TI_int46</name>
         <value>0xffdc</value>
         <object_component_ref idref="oc-7d"/>
      </symbol>
      <symbol id="sm-4c5">
         <name>__TI_int48</name>
         <value>0xffe0</value>
         <object_component_ref idref="oc-7f"/>
      </symbol>
      <symbol id="sm-4c8">
         <name>__TI_int49</name>
         <value>0xffe2</value>
         <object_component_ref idref="oc-80"/>
      </symbol>
      <symbol id="sm-4cb">
         <name>__TI_int50</name>
         <value>0xffe4</value>
         <object_component_ref idref="oc-81"/>
      </symbol>
      <symbol id="sm-4ce">
         <name>__TI_int51</name>
         <value>0xffe6</value>
         <object_component_ref idref="oc-82"/>
      </symbol>
      <symbol id="sm-4d1">
         <name>__TI_int52</name>
         <value>0xffe8</value>
         <object_component_ref idref="oc-83"/>
      </symbol>
      <symbol id="sm-4d4">
         <name>__TI_int55</name>
         <value>0xffee</value>
         <object_component_ref idref="oc-86"/>
      </symbol>
      <symbol id="sm-4d7">
         <name>__TI_int56</name>
         <value>0xfff0</value>
         <object_component_ref idref="oc-87"/>
      </symbol>
      <symbol id="sm-4da">
         <name>__TI_int57</name>
         <value>0xfff2</value>
         <object_component_ref idref="oc-88"/>
      </symbol>
      <symbol id="sm-4dd">
         <name>__TI_int58</name>
         <value>0xfff4</value>
         <object_component_ref idref="oc-89"/>
      </symbol>
      <symbol id="sm-4e0">
         <name>__TI_int59</name>
         <value>0xfff6</value>
         <object_component_ref idref="oc-8a"/>
      </symbol>
      <symbol id="sm-4e3">
         <name>__TI_int60</name>
         <value>0xfff8</value>
         <object_component_ref idref="oc-8b"/>
      </symbol>
      <symbol id="sm-4e6">
         <name>__TI_int61</name>
         <value>0xfffa</value>
         <object_component_ref idref="oc-8c"/>
      </symbol>
      <symbol id="sm-4e9">
         <name>__TI_int62</name>
         <value>0xfffc</value>
         <object_component_ref idref="oc-8d"/>
      </symbol>
      <symbol id="sm-4f1">
         <name>__TI_ISR_TRAP</name>
         <value>0x8bd4</value>
         <object_component_ref idref="oc-351"/>
      </symbol>
      <symbol id="sm-4f9">
         <name>__mspabi_srll_8</name>
         <value>0x8844</value>
         <object_component_ref idref="oc-5dc"/>
      </symbol>
      <symbol id="sm-4fa">
         <name>__mspabi_srll_9</name>
         <value>0x8840</value>
         <object_component_ref idref="oc-5dc"/>
      </symbol>
      <symbol id="sm-4fb">
         <name>__mspabi_srll_6</name>
         <value>0x884c</value>
         <object_component_ref idref="oc-5dc"/>
      </symbol>
      <symbol id="sm-4fc">
         <name>__mspabi_srll_7</name>
         <value>0x8848</value>
         <object_component_ref idref="oc-5dc"/>
      </symbol>
      <symbol id="sm-4fd">
         <name>__mspabi_srll_4</name>
         <value>0x8854</value>
         <object_component_ref idref="oc-5dc"/>
      </symbol>
      <symbol id="sm-4fe">
         <name>__mspabi_srll_5</name>
         <value>0x8850</value>
         <object_component_ref idref="oc-5dc"/>
      </symbol>
      <symbol id="sm-4ff">
         <name>__mspabi_srll_2</name>
         <value>0x885c</value>
         <object_component_ref idref="oc-5dc"/>
      </symbol>
      <symbol id="sm-500">
         <name>__mspabi_srll_3</name>
         <value>0x8858</value>
         <object_component_ref idref="oc-5dc"/>
      </symbol>
      <symbol id="sm-501">
         <name>__mspabi_srll_1</name>
         <value>0x8860</value>
         <object_component_ref idref="oc-5dc"/>
      </symbol>
      <symbol id="sm-502">
         <name>__mspabi_srll_15</name>
         <value>0x8828</value>
         <object_component_ref idref="oc-5dc"/>
      </symbol>
      <symbol id="sm-503">
         <name>__mspabi_srll_14</name>
         <value>0x882c</value>
         <object_component_ref idref="oc-5dc"/>
      </symbol>
      <symbol id="sm-504">
         <name>__mspabi_srll_13</name>
         <value>0x8830</value>
         <object_component_ref idref="oc-5dc"/>
      </symbol>
      <symbol id="sm-505">
         <name>__mspabi_srll_12</name>
         <value>0x8834</value>
         <object_component_ref idref="oc-5dc"/>
      </symbol>
      <symbol id="sm-506">
         <name>__mspabi_srll_11</name>
         <value>0x8838</value>
         <object_component_ref idref="oc-5dc"/>
      </symbol>
      <symbol id="sm-507">
         <name>__mspabi_srll_10</name>
         <value>0x883c</value>
         <object_component_ref idref="oc-5dc"/>
      </symbol>
      <symbol id="sm-50f">
         <name>__mspabi_mpyi_f5hw</name>
         <value>0x8ace</value>
         <object_component_ref idref="oc-558"/>
      </symbol>
      <symbol id="sm-519">
         <name>__mspabi_mpyl_f5hw</name>
         <value>0x8a0e</value>
         <object_component_ref idref="oc-5d7"/>
      </symbol>
      <symbol id="sm-52b">
         <name>_stack</name>
         <value>0x3360</value>
         <object_component_ref idref="oc-336"/>
      </symbol>
      <symbol id="sm-52c">
         <name>_c_int00_noargs</name>
         <value>0x8a32</value>
         <object_component_ref idref="oc-380"/>
      </symbol>
      <symbol id="sm-52d">
         <name>_reset_vector</name>
         <value>0xfffe</value>
         <object_component_ref idref="oc-339"/>
      </symbol>
      <symbol id="sm-54f">
         <name>__TI_auto_init_nobinit_nopinit_hold_wdt</name>
         <value>0x85da</value>
         <object_component_ref idref="oc-446"/>
      </symbol>
      <symbol id="sm-55f">
         <name>__TI_zero_init_nomemset</name>
         <value>0x87ea</value>
         <object_component_ref idref="oc-36e"/>
      </symbol>
      <symbol id="sm-56a">
         <name>_system_pre_init</name>
         <value>0x8bf0</value>
         <object_component_ref idref="oc-3cf"/>
      </symbol>
      <symbol id="sm-573">
         <name>_system_post_cinit</name>
         <value>0x8bf4</value>
         <object_component_ref idref="oc-4b4"/>
      </symbol>
      <symbol id="sm-584">
         <name>__TI_decompress_none</name>
         <value>0x8866</value>
         <object_component_ref idref="oc-72"/>
      </symbol>
      <symbol id="sm-5a5">
         <name>__TI_decompress_lzss</name>
         <value>0x810e</value>
         <object_component_ref idref="oc-6c"/>
      </symbol>
      <symbol id="sm-5af">
         <name>C$$EXIT</name>
         <value>0x8be4</value>
         <object_component_ref idref="oc-422"/>
      </symbol>
      <symbol id="sm-5b0">
         <name>abort</name>
         <value>0x8be4</value>
         <object_component_ref idref="oc-422"/>
      </symbol>
      <symbol id="sm-5c0">
         <name>memcpy</name>
         <value>0x8b70</value>
         <object_component_ref idref="oc-55d"/>
      </symbol>
      <symbol id="sm-5ce">
         <name>memset</name>
         <value>0x8b26</value>
         <object_component_ref idref="oc-50a"/>
      </symbol>
      <symbol id="sm-5db">
         <name>strlen</name>
         <value>0x8ba0</value>
         <object_component_ref idref="oc-5b4"/>
      </symbol>
      <symbol id="sm-624">
         <name>__TI_printfi_minimal</name>
         <value>0x81fc</value>
         <object_component_ref idref="oc-589"/>
      </symbol>
      <symbol id="sm-62e">
         <name>__mspabi_remu</name>
         <value>0x8afc</value>
         <object_component_ref idref="oc-606"/>
      </symbol>
      <symbol id="sm-62f">
         <name>__mspabi_divu</name>
         <value>0x8afc</value>
         <object_component_ref idref="oc-606"/>
      </symbol>
      <symbol id="sm-63a">
         <name>__memcpy_far</name>
         <value>0x876a</value>
         <object_component_ref idref="oc-345"/>
      </symbol>
      <symbol id="sm-64c">
         <name>memccpy</name>
         <value>0x8a84</value>
         <object_component_ref idref="oc-5f0"/>
      </symbol>
   </symbol_table>
   <title>Link successful</title>
</link_info>
