<?xml version="1.0" encoding="ISO-8859-1" ?>
<link_info>
   <banner>MSP430 Linker PC v18.12.1.LTS</banner>
   <copyright>Copyright (c) 2003-2018 Texas Instruments Incorporated</copyright>
   <link_time>0x5d098e5e</link_time>
   <link_errors>0x0</link_errors>
   <output_file>MSP430_MISE.out</output_file>
   <entry_point>
      <name>_c_int00_noargs</name>
      <address>0x9326</address>
   </entry_point>
   <input_file_list>
      <input_file id="fl-2">
         <path>.\src\HAL\</path>
         <kind>object</kind>
         <file>adc.obj</file>
         <name>adc.obj</name>
      </input_file>
      <input_file id="fl-3">
         <path>.\src\HAL\</path>
         <kind>object</kind>
         <file>i2c.obj</file>
         <name>i2c.obj</name>
      </input_file>
      <input_file id="fl-4">
         <path>.\src\HAL\</path>
         <kind>object</kind>
         <file>timers.obj</file>
         <name>timers.obj</name>
      </input_file>
      <input_file id="fl-5">
         <path>.\src\HAL\</path>
         <kind>object</kind>
         <file>uart.obj</file>
         <name>uart.obj</name>
      </input_file>
      <input_file id="fl-6">
         <path>.\src\HAL\</path>
         <kind>object</kind>
         <file>ucs_cfg.obj</file>
         <name>ucs_cfg.obj</name>
      </input_file>
      <input_file id="fl-7">
         <path>.\src\HAL\</path>
         <kind>object</kind>
         <file>wdg.obj</file>
         <name>wdg.obj</name>
      </input_file>
      <input_file id="fl-8">
         <path>.\src\Modules\</path>
         <kind>object</kind>
         <file>AX12.obj</file>
         <name>AX12.obj</name>
      </input_file>
      <input_file id="fl-9">
         <path>.\src\Modules\</path>
         <kind>object</kind>
         <file>buttons.obj</file>
         <name>buttons.obj</name>
      </input_file>
      <input_file id="fl-a">
         <path>.\src\Modules\</path>
         <kind>object</kind>
         <file>hcsr04.obj</file>
         <name>hcsr04.obj</name>
      </input_file>
      <input_file id="fl-b">
         <path>.\src\Modules\</path>
         <kind>object</kind>
         <file>lcd.obj</file>
         <name>lcd.obj</name>
      </input_file>
      <input_file id="fl-c">
         <path>.\src\Modules\</path>
         <kind>object</kind>
         <file>ldrs.obj</file>
         <name>ldrs.obj</name>
      </input_file>
      <input_file id="fl-d">
         <path>.\src\Robot\</path>
         <kind>object</kind>
         <file>robot.obj</file>
         <name>robot.obj</name>
      </input_file>
      <input_file id="fl-e">
         <path>.\src\</path>
         <kind>object</kind>
         <file>main.obj</file>
         <name>main.obj</name>
      </input_file>
      <input_file id="fl-14">
         <kind>object</kind>
         <file>&lt;internal&gt;</file>
         <name>&lt;internal&gt;</name>
      </input_file>
      <input_file id="fl-2f">
         <path>C:\ti\ccs901\ccs\tools\compiler\ti-cgt-msp430_18.12.1.LTS\lib\</path>
         <kind>archive</kind>
         <file>rts430x_lc_sd_eabi.lib</file>
         <name>sprintf.c.obj</name>
      </input_file>
      <input_file id="fl-30">
         <path>C:\ti\ccs901\ccs\tools\compiler\ti-cgt-msp430_18.12.1.LTS\lib\</path>
         <kind>archive</kind>
         <file>rts430x_lc_sd_eabi.lib</file>
         <name>asr32.asm.obj</name>
      </input_file>
      <input_file id="fl-31">
         <path>C:\ti\ccs901\ccs\tools\compiler\ti-cgt-msp430_18.12.1.LTS\lib\</path>
         <kind>archive</kind>
         <file>rts430x_lc_sd_eabi.lib</file>
         <name>div32s.asm.obj</name>
      </input_file>
      <input_file id="fl-32">
         <path>C:\ti\ccs901\ccs\tools\compiler\ti-cgt-msp430_18.12.1.LTS\lib\</path>
         <kind>archive</kind>
         <file>rts430x_lc_sd_eabi.lib</file>
         <name>div32u.asm.obj</name>
      </input_file>
      <input_file id="fl-33">
         <path>C:\ti\ccs901\ccs\tools\compiler\ti-cgt-msp430_18.12.1.LTS\lib\</path>
         <kind>archive</kind>
         <file>rts430x_lc_sd_eabi.lib</file>
         <name>int41.asm.obj</name>
      </input_file>
      <input_file id="fl-34">
         <path>C:\ti\ccs901\ccs\tools\compiler\ti-cgt-msp430_18.12.1.LTS\lib\</path>
         <kind>archive</kind>
         <file>rts430x_lc_sd_eabi.lib</file>
         <name>int42.asm.obj</name>
      </input_file>
      <input_file id="fl-35">
         <path>C:\ti\ccs901\ccs\tools\compiler\ti-cgt-msp430_18.12.1.LTS\lib\</path>
         <kind>archive</kind>
         <file>rts430x_lc_sd_eabi.lib</file>
         <name>int43.asm.obj</name>
      </input_file>
      <input_file id="fl-36">
         <path>C:\ti\ccs901\ccs\tools\compiler\ti-cgt-msp430_18.12.1.LTS\lib\</path>
         <kind>archive</kind>
         <file>rts430x_lc_sd_eabi.lib</file>
         <name>int44.asm.obj</name>
      </input_file>
      <input_file id="fl-37">
         <path>C:\ti\ccs901\ccs\tools\compiler\ti-cgt-msp430_18.12.1.LTS\lib\</path>
         <kind>archive</kind>
         <file>rts430x_lc_sd_eabi.lib</file>
         <name>int49.asm.obj</name>
      </input_file>
      <input_file id="fl-38">
         <path>C:\ti\ccs901\ccs\tools\compiler\ti-cgt-msp430_18.12.1.LTS\lib\</path>
         <kind>archive</kind>
         <file>rts430x_lc_sd_eabi.lib</file>
         <name>int50.asm.obj</name>
      </input_file>
      <input_file id="fl-39">
         <path>C:\ti\ccs901\ccs\tools\compiler\ti-cgt-msp430_18.12.1.LTS\lib\</path>
         <kind>archive</kind>
         <file>rts430x_lc_sd_eabi.lib</file>
         <name>int51.asm.obj</name>
      </input_file>
      <input_file id="fl-3a">
         <path>C:\ti\ccs901\ccs\tools\compiler\ti-cgt-msp430_18.12.1.LTS\lib\</path>
         <kind>archive</kind>
         <file>rts430x_lc_sd_eabi.lib</file>
         <name>int52.asm.obj</name>
      </input_file>
      <input_file id="fl-3b">
         <path>C:\ti\ccs901\ccs\tools\compiler\ti-cgt-msp430_18.12.1.LTS\lib\</path>
         <kind>archive</kind>
         <file>rts430x_lc_sd_eabi.lib</file>
         <name>int55.asm.obj</name>
      </input_file>
      <input_file id="fl-3c">
         <path>C:\ti\ccs901\ccs\tools\compiler\ti-cgt-msp430_18.12.1.LTS\lib\</path>
         <kind>archive</kind>
         <file>rts430x_lc_sd_eabi.lib</file>
         <name>int56.asm.obj</name>
      </input_file>
      <input_file id="fl-3d">
         <path>C:\ti\ccs901\ccs\tools\compiler\ti-cgt-msp430_18.12.1.LTS\lib\</path>
         <kind>archive</kind>
         <file>rts430x_lc_sd_eabi.lib</file>
         <name>int57.asm.obj</name>
      </input_file>
      <input_file id="fl-3e">
         <path>C:\ti\ccs901\ccs\tools\compiler\ti-cgt-msp430_18.12.1.LTS\lib\</path>
         <kind>archive</kind>
         <file>rts430x_lc_sd_eabi.lib</file>
         <name>int58.asm.obj</name>
      </input_file>
      <input_file id="fl-3f">
         <path>C:\ti\ccs901\ccs\tools\compiler\ti-cgt-msp430_18.12.1.LTS\lib\</path>
         <kind>archive</kind>
         <file>rts430x_lc_sd_eabi.lib</file>
         <name>int60.asm.obj</name>
      </input_file>
      <input_file id="fl-40">
         <path>C:\ti\ccs901\ccs\tools\compiler\ti-cgt-msp430_18.12.1.LTS\lib\</path>
         <kind>archive</kind>
         <file>rts430x_lc_sd_eabi.lib</file>
         <name>int61.asm.obj</name>
      </input_file>
      <input_file id="fl-41">
         <path>C:\ti\ccs901\ccs\tools\compiler\ti-cgt-msp430_18.12.1.LTS\lib\</path>
         <kind>archive</kind>
         <file>rts430x_lc_sd_eabi.lib</file>
         <name>int62.asm.obj</name>
      </input_file>
      <input_file id="fl-42">
         <path>C:\ti\ccs901\ccs\tools\compiler\ti-cgt-msp430_18.12.1.LTS\lib\</path>
         <kind>archive</kind>
         <file>rts430x_lc_sd_eabi.lib</file>
         <name>isr_trap.asm.obj</name>
      </input_file>
      <input_file id="fl-43">
         <path>C:\ti\ccs901\ccs\tools\compiler\ti-cgt-msp430_18.12.1.LTS\lib\</path>
         <kind>archive</kind>
         <file>rts430x_lc_sd_eabi.lib</file>
         <name>lsr32.asm.obj</name>
      </input_file>
      <input_file id="fl-44">
         <path>C:\ti\ccs901\ccs\tools\compiler\ti-cgt-msp430_18.12.1.LTS\lib\</path>
         <kind>archive</kind>
         <file>rts430x_lc_sd_eabi.lib</file>
         <name>mult16_f5hw.asm.obj</name>
      </input_file>
      <input_file id="fl-45">
         <path>C:\ti\ccs901\ccs\tools\compiler\ti-cgt-msp430_18.12.1.LTS\lib\</path>
         <kind>archive</kind>
         <file>rts430x_lc_sd_eabi.lib</file>
         <name>mult1632_f5hw.asm.obj</name>
      </input_file>
      <input_file id="fl-46">
         <path>C:\ti\ccs901\ccs\tools\compiler\ti-cgt-msp430_18.12.1.LTS\lib\</path>
         <kind>archive</kind>
         <file>rts430x_lc_sd_eabi.lib</file>
         <name>mult32.asm.obj</name>
      </input_file>
      <input_file id="fl-47">
         <path>C:\ti\ccs901\ccs\tools\compiler\ti-cgt-msp430_18.12.1.LTS\lib\</path>
         <kind>archive</kind>
         <file>rts430x_lc_sd_eabi.lib</file>
         <name>mult32_f5hw.asm.obj</name>
      </input_file>
      <input_file id="fl-48">
         <path>C:\ti\ccs901\ccs\tools\compiler\ti-cgt-msp430_18.12.1.LTS\lib\</path>
         <kind>archive</kind>
         <file>rts430x_lc_sd_eabi.lib</file>
         <name>mult3264_f5hw.asm.obj</name>
      </input_file>
      <input_file id="fl-49">
         <path>C:\ti\ccs901\ccs\tools\compiler\ti-cgt-msp430_18.12.1.LTS\lib\</path>
         <kind>archive</kind>
         <file>rts430x_lc_sd_eabi.lib</file>
         <name>mult64_f5hw.asm.obj</name>
      </input_file>
      <input_file id="fl-4a">
         <path>C:\ti\ccs901\ccs\tools\compiler\ti-cgt-msp430_18.12.1.LTS\lib\</path>
         <kind>archive</kind>
         <file>rts430x_lc_sd_eabi.lib</file>
         <name>boot.c.obj</name>
      </input_file>
      <input_file id="fl-4b">
         <path>C:\ti\ccs901\ccs\tools\compiler\ti-cgt-msp430_18.12.1.LTS\lib\</path>
         <kind>archive</kind>
         <file>rts430x_lc_sd_eabi.lib</file>
         <name>autoinit.c.obj</name>
      </input_file>
      <input_file id="fl-4c">
         <path>C:\ti\ccs901\ccs\tools\compiler\ti-cgt-msp430_18.12.1.LTS\lib\</path>
         <kind>archive</kind>
         <file>rts430x_lc_sd_eabi.lib</file>
         <name>copy_zero_init.c.obj</name>
      </input_file>
      <input_file id="fl-4d">
         <path>C:\ti\ccs901\ccs\tools\compiler\ti-cgt-msp430_18.12.1.LTS\lib\</path>
         <kind>archive</kind>
         <file>rts430x_lc_sd_eabi.lib</file>
         <name>cpy_tbl.c.obj</name>
      </input_file>
      <input_file id="fl-4e">
         <path>C:\ti\ccs901\ccs\tools\compiler\ti-cgt-msp430_18.12.1.LTS\lib\</path>
         <kind>archive</kind>
         <file>rts430x_lc_sd_eabi.lib</file>
         <name>mpu_init.c.obj</name>
      </input_file>
      <input_file id="fl-4f">
         <path>C:\ti\ccs901\ccs\tools\compiler\ti-cgt-msp430_18.12.1.LTS\lib\</path>
         <kind>archive</kind>
         <file>rts430x_lc_sd_eabi.lib</file>
         <name>pre_init.c.obj</name>
      </input_file>
      <input_file id="fl-50">
         <path>C:\ti\ccs901\ccs\tools\compiler\ti-cgt-msp430_18.12.1.LTS\lib\</path>
         <kind>archive</kind>
         <file>rts430x_lc_sd_eabi.lib</file>
         <name>startup.c.obj</name>
      </input_file>
      <input_file id="fl-51">
         <path>C:\ti\ccs901\ccs\tools\compiler\ti-cgt-msp430_18.12.1.LTS\lib\</path>
         <kind>archive</kind>
         <file>rts430x_lc_sd_eabi.lib</file>
         <name>copy_decompress_none.c.obj</name>
      </input_file>
      <input_file id="fl-52">
         <path>C:\ti\ccs901\ccs\tools\compiler\ti-cgt-msp430_18.12.1.LTS\lib\</path>
         <kind>archive</kind>
         <file>rts430x_lc_sd_eabi.lib</file>
         <name>copy_decompress_lzss.c.obj</name>
      </input_file>
      <input_file id="fl-53">
         <path>C:\ti\ccs901\ccs\tools\compiler\ti-cgt-msp430_18.12.1.LTS\lib\</path>
         <kind>archive</kind>
         <file>rts430x_lc_sd_eabi.lib</file>
         <name>exit.c.obj</name>
      </input_file>
      <input_file id="fl-54">
         <path>C:\ti\ccs901\ccs\tools\compiler\ti-cgt-msp430_18.12.1.LTS\lib\</path>
         <kind>archive</kind>
         <file>rts430x_lc_sd_eabi.lib</file>
         <name>_lock.c.obj</name>
      </input_file>
      <input_file id="fl-55">
         <path>C:\ti\ccs901\ccs\tools\compiler\ti-cgt-msp430_18.12.1.LTS\lib\</path>
         <kind>archive</kind>
         <file>rts430x_lc_sd_eabi.lib</file>
         <name>args_main.c.obj</name>
      </input_file>
      <input_file id="fl-56">
         <path>C:\ti\ccs901\ccs\tools\compiler\ti-cgt-msp430_18.12.1.LTS\lib\</path>
         <kind>archive</kind>
         <file>rts430x_lc_sd_eabi.lib</file>
         <name>memcpy.c.obj</name>
      </input_file>
      <input_file id="fl-57">
         <path>C:\ti\ccs901\ccs\tools\compiler\ti-cgt-msp430_18.12.1.LTS\lib\</path>
         <kind>archive</kind>
         <file>rts430x_lc_sd_eabi.lib</file>
         <name>memset.c.obj</name>
      </input_file>
      <input_file id="fl-58">
         <path>C:\ti\ccs901\ccs\tools\compiler\ti-cgt-msp430_18.12.1.LTS\lib\</path>
         <kind>archive</kind>
         <file>rts430x_lc_sd_eabi.lib</file>
         <name>abs.c.obj</name>
      </input_file>
      <input_file id="fl-59">
         <path>C:\ti\ccs901\ccs\tools\compiler\ti-cgt-msp430_18.12.1.LTS\lib\</path>
         <kind>archive</kind>
         <file>rts430x_lc_sd_eabi.lib</file>
         <name>_printfi_min.c.obj</name>
      </input_file>
      <input_file id="fl-5a">
         <path>C:\ti\ccs901\ccs\tools\compiler\ti-cgt-msp430_18.12.1.LTS\lib\</path>
         <kind>archive</kind>
         <file>rts430x_lc_sd_eabi.lib</file>
         <name>div16u.asm.obj</name>
      </input_file>
      <input_file id="fl-5b">
         <path>C:\ti\ccs901\ccs\tools\compiler\ti-cgt-msp430_18.12.1.LTS\lib\</path>
         <kind>archive</kind>
         <file>rts430x_lc_sd_eabi.lib</file>
         <name>cpy_util.asm.obj</name>
      </input_file>
      <input_file id="fl-5c">
         <path>C:\ti\ccs901\ccs\tools\compiler\ti-cgt-msp430_18.12.1.LTS\lib\</path>
         <kind>archive</kind>
         <file>rts430x_lc_sd_eabi.lib</file>
         <name>mult16.asm.obj</name>
      </input_file>
      <input_file id="fl-5d">
         <path>C:\ti\ccs901\ccs\tools\compiler\ti-cgt-msp430_18.12.1.LTS\lib\</path>
         <kind>archive</kind>
         <file>rts430x_lc_sd_eabi.lib</file>
         <name>exit_gvars.c.obj</name>
      </input_file>
      <input_file id="fl-5e">
         <path>C:\ti\ccs901\ccs\tools\compiler\ti-cgt-msp430_18.12.1.LTS\lib\</path>
         <kind>archive</kind>
         <file>rts430x_lc_sd_eabi.lib</file>
         <name>lsr64.c.obj</name>
      </input_file>
      <input_file id="fl-5f">
         <path>C:\ti\ccs901\ccs\tools\compiler\ti-cgt-msp430_18.12.1.LTS\lib\</path>
         <kind>archive</kind>
         <file>rts430x_lc_sd_eabi.lib</file>
         <name>memccpy.c.obj</name>
      </input_file>
      <input_file id="fl-60">
         <path>C:\ti\ccs901\ccs\tools\compiler\ti-cgt-msp430_18.12.1.LTS\lib\</path>
         <kind>archive</kind>
         <file>rts430x_lc_sd_eabi.lib</file>
         <name>strlen.c.obj</name>
      </input_file>
   </input_file_list>
   <object_component_list>
      <object_component id="oc-6eb">
         <name>.bss</name>
         <uninitialized>true</uninitialized>
         <run_address>0x2400</run_address>
         <size>0x4</size>
         <input_file_ref idref="fl-2"/>
      </object_component>
      <object_component id="oc-3d5">
         <name>.bss</name>
         <uninitialized>true</uninitialized>
         <run_address>0x2418</run_address>
         <size>0x2</size>
         <input_file_ref idref="fl-9"/>
      </object_component>
      <object_component id="oc-4cc">
         <name>.bss</name>
         <uninitialized>true</uninitialized>
         <run_address>0x2404</run_address>
         <size>0x4</size>
         <input_file_ref idref="fl-d"/>
      </object_component>
      <object_component id="oc-3cc">
         <name>.common:PTxData</name>
         <uninitialized>true</uninitialized>
         <run_address>0x241c</run_address>
         <size>0x2</size>
      </object_component>
      <object_component id="oc-3c7">
         <name>.common:TXByteCtr</name>
         <uninitialized>true</uninitialized>
         <run_address>0x2425</run_address>
         <size>0x1</size>
      </object_component>
      <object_component id="oc-3ce">
         <name>.common:PRxData</name>
         <uninitialized>true</uninitialized>
         <run_address>0x241a</run_address>
         <size>0x2</size>
      </object_component>
      <object_component id="oc-3cd">
         <name>.common:RXByteCtr</name>
         <uninitialized>true</uninitialized>
         <run_address>0x2424</run_address>
         <size>0x1</size>
      </object_component>
      <object_component id="oc-3df">
         <name>.common:counter_start</name>
         <uninitialized>true</uninitialized>
         <run_address>0x240c</run_address>
         <size>0x4</size>
      </object_component>
      <object_component id="oc-3dc">
         <name>.common:counter_finish</name>
         <uninitialized>true</uninitialized>
         <run_address>0x2408</run_address>
         <size>0x4</size>
      </object_component>
      <object_component id="oc-3e1">
         <name>.common:timers_ms_counter</name>
         <uninitialized>true</uninitialized>
         <run_address>0x2410</run_address>
         <size>0x4</size>
      </object_component>
      <object_component id="oc-3e5">
         <name>.common:timers_us_counter</name>
         <uninitialized>true</uninitialized>
         <run_address>0x2414</run_address>
         <size>0x4</size>
      </object_component>
      <object_component id="oc-3e2">
         <name>.common:timerA_mode</name>
         <uninitialized>true</uninitialized>
         <run_address>0x241e</run_address>
         <size>0x2</size>
      </object_component>
      <object_component id="oc-6cb">
         <name>.common:timerB_mode</name>
         <uninitialized>true</uninitialized>
         <run_address>0x2420</run_address>
         <size>0x2</size>
      </object_component>
      <object_component id="oc-3d0">
         <name>.common:DatoLeido_UART</name>
         <uninitialized>true</uninitialized>
         <run_address>0x2423</run_address>
         <size>0x1</size>
      </object_component>
      <object_component id="oc-3d3">
         <name>.common:Byte_Recibido</name>
         <uninitialized>true</uninitialized>
         <run_address>0x2422</run_address>
         <size>0x1</size>
      </object_component>
      <object_component id="oc-3d8">
         <name>.common:pressed_read</name>
         <uninitialized>true</uninitialized>
         <run_address>0x2426</run_address>
         <size>0x1</size>
      </object_component>
      <object_component id="oc-67e">
         <name>.data</name>
         <load_address>0x2428</load_address>
         <run_address>0x2428</run_address>
         <size>0x2</size>
         <input_file_ref idref="fl-c"/>
      </object_component>
      <object_component id="oc-336">
         <name>.stack</name>
         <uninitialized>true</uninitialized>
         <run_address>0x3360</run_address>
         <size>0x2</size>
         <input_file_ref idref="fl-4a"/>
      </object_component>
      <object_component id="oc-79b">
         <name>.stack</name>
         <uninitialized>true</uninitialized>
         <run_address>0x3360</run_address>
         <size>0x0</size>
      </object_component>
      <object_component id="oc-578">
         <name>.text:AX12_readError</name>
         <load_address>0x8000</load_address>
         <run_address>0x8000</run_address>
         <size>0x196</size>
         <input_file_ref idref="fl-8"/>
      </object_component>
      <object_component id="oc-6b7">
         <name>.text:_setfield</name>
         <load_address>0x8196</load_address>
         <run_address>0x8196</run_address>
         <size>0x10e</size>
         <input_file_ref idref="fl-59"/>
      </object_component>
      <object_component id="oc-4e7">
         <name>.text:robot_manualOp</name>
         <load_address>0x82a4</load_address>
         <run_address>0x82a4</run_address>
         <size>0xf2</size>
         <input_file_ref idref="fl-d"/>
      </object_component>
      <object_component id="oc-6c">
         <name>.text:decompress:lzss:__TI_decompress_lzss</name>
         <load_address>0x8396</load_address>
         <run_address>0x8396</run_address>
         <size>0xee</size>
         <input_file_ref idref="fl-52"/>
      </object_component>
      <object_component id="oc-4ed">
         <name>.text:robot_seekLight</name>
         <load_address>0x8484</load_address>
         <run_address>0x8484</run_address>
         <size>0xea</size>
         <input_file_ref idref="fl-d"/>
      </object_component>
      <object_component id="oc-572">
         <name>.text:RxPacket</name>
         <load_address>0x856e</load_address>
         <run_address>0x856e</run_address>
         <size>0xe6</size>
         <input_file_ref idref="fl-8"/>
      </object_component>
      <object_component id="oc-663">
         <name>.text:__TI_printfi_minimal</name>
         <load_address>0x8654</load_address>
         <run_address>0x8654</run_address>
         <size>0xe2</size>
         <input_file_ref idref="fl-59"/>
      </object_component>
      <object_component id="oc-4d5">
         <name>.text:robot_showMenu</name>
         <load_address>0x8736</load_address>
         <run_address>0x8736</run_address>
         <size>0xd6</size>
         <input_file_ref idref="fl-d"/>
      </object_component>
      <object_component id="oc-6f5">
         <name>.text:_pproc_diouxp</name>
         <load_address>0x880c</load_address>
         <run_address>0x880c</run_address>
         <size>0xc4</size>
         <input_file_ref idref="fl-59"/>
      </object_component>
      <object_component id="oc-56c">
         <name>.text:TxPacket</name>
         <load_address>0x88d0</load_address>
         <run_address>0x88d0</run_address>
         <size>0x90</size>
         <input_file_ref idref="fl-8"/>
      </object_component>
      <object_component id="oc-4f3">
         <name>.text:robot_calibADC</name>
         <load_address>0x8960</load_address>
         <run_address>0x8960</run_address>
         <size>0x90</size>
         <input_file_ref idref="fl-d"/>
      </object_component>
      <object_component id="oc-4db">
         <name>.text:robot_changeMenu</name>
         <load_address>0x89f0</load_address>
         <run_address>0x89f0</run_address>
         <size>0x90</size>
         <input_file_ref idref="fl-d"/>
      </object_component>
      <object_component id="oc-356">
         <name>.text:_isr:USCI_B1_ISR</name>
         <load_address>0x8a80</load_address>
         <run_address>0x8a80</run_address>
         <size>0x8c</size>
         <input_file_ref idref="fl-3"/>
      </object_component>
      <object_component id="oc-5bd">
         <name>.text:robot_motorDecision</name>
         <load_address>0x8b0c</load_address>
         <run_address>0x8b0c</run_address>
         <size>0x84</size>
         <input_file_ref idref="fl-d"/>
      </object_component>
      <object_component id="oc-362">
         <name>.text:_isr:port1_isr</name>
         <load_address>0x8b90</load_address>
         <run_address>0x8b90</run_address>
         <size>0x80</size>
         <input_file_ref idref="fl-9"/>
      </object_component>
      <object_component id="oc-44d">
         <name>.text:robot_mainMenu</name>
         <load_address>0x8c10</load_address>
         <run_address>0x8c10</run_address>
         <size>0x78</size>
         <input_file_ref idref="fl-d"/>
      </object_component>
      <object_component id="oc-4ac">
         <name>.text:lcd_init</name>
         <load_address>0x8c88</load_address>
         <run_address>0x8c88</run_address>
         <size>0x6e</size>
         <input_file_ref idref="fl-b"/>
      </object_component>
      <object_component id="oc-478">
         <name>.text:__TI_auto_init_nobinit_nopinit_hold_wdt:__TI_auto_init_nobinit_nopinit_hold_wdt</name>
         <load_address>0x8cf6</load_address>
         <run_address>0x8cf6</run_address>
         <size>0x6a</size>
         <input_file_ref idref="fl-4b"/>
      </object_component>
      <object_component id="oc-4e1">
         <name>.text:robot_measDist</name>
         <load_address>0x8d60</load_address>
         <run_address>0x8d60</run_address>
         <size>0x6a</size>
         <input_file_ref idref="fl-d"/>
      </object_component>
      <object_component id="oc-70a">
         <name>.text</name>
         <load_address>0x8dca</load_address>
         <run_address>0x8dca</run_address>
         <size>0x58</size>
         <input_file_ref idref="fl-32"/>
      </object_component>
      <object_component id="oc-4c6">
         <name>.text:AX12_motorControl</name>
         <load_address>0x8e22</load_address>
         <run_address>0x8e22</run_address>
         <size>0x56</size>
         <input_file_ref idref="fl-8"/>
      </object_component>
      <object_component id="oc-671">
         <name>.text:timerA1_1_startCapture</name>
         <load_address>0x8e78</load_address>
         <run_address>0x8e78</run_address>
         <size>0x4e</size>
         <input_file_ref idref="fl-4"/>
      </object_component>
      <object_component id="oc-55e">
         <name>.text:uart_init</name>
         <load_address>0x8ec6</load_address>
         <run_address>0x8ec6</run_address>
         <size>0x48</size>
         <input_file_ref idref="fl-5"/>
      </object_component>
      <object_component id="oc-66b">
         <name>.text:wait_us</name>
         <load_address>0x8f0e</load_address>
         <run_address>0x8f0e</run_address>
         <size>0x44</size>
         <input_file_ref idref="fl-4"/>
      </object_component>
      <object_component id="oc-345">
         <name>.text:__memcpy_far</name>
         <load_address>0x8f52</load_address>
         <run_address>0x8f52</run_address>
         <size>0x40</size>
         <input_file_ref idref="fl-5b"/>
      </object_component>
      <object_component id="oc-6d2">
         <name>.text</name>
         <load_address>0x8f92</load_address>
         <run_address>0x8f92</run_address>
         <size>0x40</size>
         <input_file_ref idref="fl-31"/>
      </object_component>
      <object_component id="oc-380">
         <name>.text:decompress:ZI:__TI_zero_init_nomemset:__TI_zero_init_nomemset</name>
         <load_address>0x8fd2</load_address>
         <run_address>0x8fd2</run_address>
         <size>0x3e</size>
         <input_file_ref idref="fl-4c"/>
      </object_component>
      <object_component id="oc-6cd">
         <name>.text:l_asr_const</name>
         <load_address>0x9010</load_address>
         <run_address>0x9010</run_address>
         <size>0x3e</size>
         <input_file_ref idref="fl-30"/>
      </object_component>
      <object_component id="oc-6e6">
         <name>.text:l_lsr_const</name>
         <load_address>0x904e</load_address>
         <run_address>0x904e</run_address>
         <size>0x3e</size>
         <input_file_ref idref="fl-43"/>
      </object_component>
      <object_component id="oc-72">
         <name>.text:decompress:none:__TI_decompress_none</name>
         <load_address>0x908c</load_address>
         <run_address>0x908c</run_address>
         <size>0x3c</size>
         <input_file_ref idref="fl-51"/>
      </object_component>
      <object_component id="oc-54a">
         <name>.text:wait_ms</name>
         <load_address>0x90c8</load_address>
         <run_address>0x90c8</run_address>
         <size>0x3c</size>
         <input_file_ref idref="fl-4"/>
      </object_component>
      <object_component id="oc-368">
         <name>.text:_isr:timer1_A1_ISR</name>
         <load_address>0x9104</load_address>
         <run_address>0x9104</run_address>
         <size>0x3a</size>
         <input_file_ref idref="fl-4"/>
      </object_component>
      <object_component id="oc-5a2">
         <name>.text:sprintf</name>
         <load_address>0x913e</load_address>
         <run_address>0x913e</run_address>
         <size>0x38</size>
         <input_file_ref idref="fl-2f"/>
      </object_component>
      <object_component id="oc-538">
         <name>.text:i2c_init</name>
         <load_address>0x9176</load_address>
         <run_address>0x9176</run_address>
         <size>0x36</size>
         <input_file_ref idref="fl-3"/>
      </object_component>
      <object_component id="oc-36e">
         <name>.text:_isr:timer0_A0_ISR</name>
         <load_address>0x91ac</load_address>
         <run_address>0x91ac</run_address>
         <size>0x2e</size>
         <input_file_ref idref="fl-4"/>
      </object_component>
      <object_component id="oc-441">
         <name>.text:robot_init</name>
         <load_address>0x91da</load_address>
         <run_address>0x91da</run_address>
         <size>0x2c</size>
         <input_file_ref idref="fl-d"/>
      </object_component>
      <object_component id="oc-564">
         <name>.text:AX12_setAngle</name>
         <load_address>0x9206</load_address>
         <run_address>0x9206</run_address>
         <size>0x2a</size>
         <input_file_ref idref="fl-8"/>
      </object_component>
      <object_component id="oc-49a">
         <name>.text:ucs_cfg_init</name>
         <load_address>0x9230</load_address>
         <run_address>0x9230</run_address>
         <size>0x28</size>
         <input_file_ref idref="fl-6"/>
      </object_component>
      <object_component id="oc-678">
         <name>.text:adc_read</name>
         <load_address>0x9258</load_address>
         <run_address>0x9258</run_address>
         <size>0x26</size>
         <input_file_ref idref="fl-2"/>
      </object_component>
      <object_component id="oc-550">
         <name>.text:i2c_send</name>
         <load_address>0x927e</load_address>
         <run_address>0x927e</run_address>
         <size>0x26</size>
         <input_file_ref idref="fl-3"/>
      </object_component>
      <object_component id="oc-6e1">
         <name>.text</name>
         <load_address>0x92a4</load_address>
         <run_address>0x92a4</run_address>
         <size>0x24</size>
         <input_file_ref idref="fl-47"/>
      </object_component>
      <object_component id="oc-4a6">
         <name>.text:buttons_init</name>
         <load_address>0x92c8</load_address>
         <run_address>0x92c8</run_address>
         <size>0x22</size>
         <input_file_ref idref="fl-9"/>
      </object_component>
      <object_component id="oc-681">
         <name>.text:adc_conversion</name>
         <load_address>0x92ea</load_address>
         <run_address>0x92ea</run_address>
         <size>0x1e</size>
         <input_file_ref idref="fl-2"/>
      </object_component>
      <object_component id="oc-61a">
         <name>.text:timerA_timeout_start</name>
         <load_address>0x9308</load_address>
         <run_address>0x9308</run_address>
         <size>0x1e</size>
         <input_file_ref idref="fl-4"/>
      </object_component>
      <object_component id="oc-392">
         <name>.text:_isr:_c_int00_noargs</name>
         <load_address>0x9326</load_address>
         <run_address>0x9326</run_address>
         <size>0x1c</size>
         <input_file_ref idref="fl-4a"/>
      </object_component>
      <object_component id="oc-59c">
         <name>.text:lcd_2ndLineShift</name>
         <load_address>0x9342</load_address>
         <run_address>0x9342</run_address>
         <size>0x1c</size>
         <input_file_ref idref="fl-b"/>
      </object_component>
      <object_component id="oc-63d">
         <name>.text:lcd_shiftLeft</name>
         <load_address>0x935e</load_address>
         <run_address>0x935e</run_address>
         <size>0x1c</size>
         <input_file_ref idref="fl-b"/>
      </object_component>
      <object_component id="oc-4a0">
         <name>.text:timers_init</name>
         <load_address>0x937a</load_address>
         <run_address>0x937a</run_address>
         <size>0x1c</size>
         <input_file_ref idref="fl-4"/>
      </object_component>
      <object_component id="oc-37a">
         <name>.text:_isr:timer0_B0_ISR</name>
         <load_address>0x9396</load_address>
         <run_address>0x9396</run_address>
         <size>0x1a</size>
         <input_file_ref idref="fl-4"/>
      </object_component>
      <object_component id="oc-58f">
         <name>.text:lcd_clearDisplay</name>
         <load_address>0x93b0</load_address>
         <run_address>0x93b0</run_address>
         <size>0x1a</size>
         <input_file_ref idref="fl-b"/>
      </object_component>
      <object_component id="oc-6fb">
         <name>.text:memccpy</name>
         <load_address>0x93ca</load_address>
         <run_address>0x93ca</run_address>
         <size>0x1a</size>
         <input_file_ref idref="fl-5f"/>
      </object_component>
      <object_component id="oc-657">
         <name>.text:_outs</name>
         <load_address>0x93e4</load_address>
         <run_address>0x93e4</run_address>
         <size>0x18</size>
         <input_file_ref idref="fl-2f"/>
      </object_component>
      <object_component id="oc-5af">
         <name>.text:hcsr04_readDistance</name>
         <load_address>0x93fc</load_address>
         <run_address>0x93fc</run_address>
         <size>0x18</size>
         <input_file_ref idref="fl-a"/>
      </object_component>
      <object_component id="oc-5e6">
         <name>.text</name>
         <load_address>0x9414</load_address>
         <run_address>0x9414</run_address>
         <size>0x18</size>
         <input_file_ref idref="fl-44"/>
      </object_component>
      <object_component id="oc-4cf">
         <name>.text:buttons_lastPressed</name>
         <load_address>0x942c</load_address>
         <run_address>0x942c</run_address>
         <size>0x16</size>
         <input_file_ref idref="fl-9"/>
      </object_component>
      <object_component id="oc-718">
         <name>.text</name>
         <load_address>0x9442</load_address>
         <run_address>0x9442</run_address>
         <size>0x16</size>
         <input_file_ref idref="fl-5a"/>
      </object_component>
      <object_component id="oc-35c">
         <name>.text:_isr:USCI_A1_ISR</name>
         <load_address>0x9458</load_address>
         <run_address>0x9458</run_address>
         <size>0x14</size>
         <input_file_ref idref="fl-5"/>
      </object_component>
      <object_component id="oc-557">
         <name>.text:adc_init</name>
         <load_address>0x946c</load_address>
         <run_address>0x946c</run_address>
         <size>0x14</size>
         <input_file_ref idref="fl-2"/>
      </object_component>
      <object_component id="oc-3f4">
         <name>.text:main</name>
         <load_address>0x9480</load_address>
         <run_address>0x9480</run_address>
         <size>0x14</size>
         <input_file_ref idref="fl-e"/>
      </object_component>
      <object_component id="oc-589">
         <name>.text:memset</name>
         <load_address>0x9494</load_address>
         <run_address>0x9494</run_address>
         <size>0x14</size>
         <input_file_ref idref="fl-57"/>
      </object_component>
      <object_component id="oc-65d">
         <name>.text:_outc</name>
         <load_address>0x94a8</load_address>
         <run_address>0x94a8</run_address>
         <size>0x12</size>
         <input_file_ref idref="fl-2f"/>
      </object_component>
      <object_component id="oc-4be">
         <name>.text:hcsr04_init</name>
         <load_address>0x94ba</load_address>
         <run_address>0x94ba</run_address>
         <size>0x12</size>
         <input_file_ref idref="fl-a"/>
      </object_component>
      <object_component id="oc-544">
         <name>.text:lcd_reset</name>
         <load_address>0x94cc</load_address>
         <run_address>0x94cc</run_address>
         <size>0x12</size>
         <input_file_ref idref="fl-b"/>
      </object_component>
      <object_component id="oc-5b7">
         <name>.text:ldrs_readVoltage</name>
         <load_address>0x94de</load_address>
         <run_address>0x94de</run_address>
         <size>0x12</size>
         <input_file_ref idref="fl-c"/>
      </object_component>
      <object_component id="oc-5eb">
         <name>.text:memcpy</name>
         <load_address>0x94f0</load_address>
         <run_address>0x94f0</run_address>
         <size>0x12</size>
         <input_file_ref idref="fl-56"/>
      </object_component>
      <object_component id="oc-626">
         <name>.text:timers_isTimeout</name>
         <load_address>0x9502</load_address>
         <run_address>0x9502</run_address>
         <size>0x12</size>
         <input_file_ref idref="fl-4"/>
      </object_component>
      <object_component id="oc-596">
         <name>.text:lcd_sendLine</name>
         <load_address>0x9514</load_address>
         <run_address>0x9514</run_address>
         <size>0x10</size>
         <input_file_ref idref="fl-b"/>
      </object_component>
      <object_component id="oc-53e">
         <name>.text:lcd_resetPinInit</name>
         <load_address>0x9524</load_address>
         <run_address>0x9524</run_address>
         <size>0xe</size>
         <input_file_ref idref="fl-b"/>
      </object_component>
      <object_component id="oc-6b1">
         <name>.text:strlen</name>
         <load_address>0x9532</load_address>
         <run_address>0x9532</run_address>
         <size>0xe</size>
         <input_file_ref idref="fl-60"/>
      </object_component>
      <object_component id="oc-374">
         <name>.text:_isr:adc10_isr</name>
         <load_address>0x9540</load_address>
         <run_address>0x9540</run_address>
         <size>0xc</size>
         <input_file_ref idref="fl-2"/>
      </object_component>
      <object_component id="oc-4b2">
         <name>.text:ldrs_init</name>
         <load_address>0x954c</load_address>
         <run_address>0x954c</run_address>
         <size>0xc</size>
         <input_file_ref idref="fl-c"/>
      </object_component>
      <object_component id="oc-60a">
         <name>.text:uart_send_byte</name>
         <load_address>0x9558</load_address>
         <run_address>0x9558</run_address>
         <size>0xc</size>
         <input_file_ref idref="fl-5"/>
      </object_component>
      <object_component id="oc-4b8">
         <name>.text:AX12_init</name>
         <load_address>0x9564</load_address>
         <run_address>0x9564</run_address>
         <size>0xa</size>
         <input_file_ref idref="fl-8"/>
      </object_component>
      <object_component id="oc-688">
         <name>.text:abs</name>
         <load_address>0x956e</load_address>
         <run_address>0x956e</run_address>
         <size>0xa</size>
         <input_file_ref idref="fl-58"/>
      </object_component>
      <object_component id="oc-62c">
         <name>.text:uart_getDatoLeido</name>
         <load_address>0x9578</load_address>
         <run_address>0x9578</run_address>
         <size>0xa</size>
         <input_file_ref idref="fl-5"/>
      </object_component>
      <object_component id="oc-610">
         <name>.text:Sentit_Dades_Rx</name>
         <load_address>0x9582</load_address>
         <run_address>0x9582</run_address>
         <size>0x8</size>
         <input_file_ref idref="fl-8"/>
      </object_component>
      <object_component id="oc-604">
         <name>.text:Sentit_Dades_Tx</name>
         <load_address>0x958a</load_address>
         <run_address>0x958a</run_address>
         <size>0x8</size>
         <input_file_ref idref="fl-8"/>
      </object_component>
      <object_component id="oc-351">
         <name>.text:_isr:__TI_ISR_TRAP</name>
         <load_address>0x9592</load_address>
         <run_address>0x9592</run_address>
         <size>0x8</size>
         <input_file_ref idref="fl-42"/>
      </object_component>
      <object_component id="oc-531">
         <name>.text:buttons_en_irq</name>
         <load_address>0x959a</load_address>
         <run_address>0x959a</run_address>
         <size>0x8</size>
         <input_file_ref idref="fl-9"/>
      </object_component>
      <object_component id="oc-632">
         <name>.text:timerA_timeout_stop</name>
         <load_address>0x95a2</load_address>
         <run_address>0x95a2</run_address>
         <size>0x8</size>
         <input_file_ref idref="fl-4"/>
      </object_component>
      <object_component id="oc-447">
         <name>.text:wdg_restart</name>
         <load_address>0x95aa</load_address>
         <run_address>0x95aa</run_address>
         <size>0x8</size>
         <input_file_ref idref="fl-7"/>
      </object_component>
      <object_component id="oc-43b">
         <name>.text:wdg_stop</name>
         <load_address>0x95b2</load_address>
         <run_address>0x95b2</run_address>
         <size>0x8</size>
         <input_file_ref idref="fl-7"/>
      </object_component>
      <object_component id="oc-454">
         <name>.text:abort</name>
         <load_address>0x95ba</load_address>
         <run_address>0x95ba</run_address>
         <size>0x6</size>
         <input_file_ref idref="fl-53"/>
      </object_component>
      <object_component id="oc-620">
         <name>.text:uart_isByte_Recibido</name>
         <load_address>0x95c0</load_address>
         <run_address>0x95c0</run_address>
         <size>0x6</size>
         <input_file_ref idref="fl-5"/>
      </object_component>
      <object_component id="oc-3ee">
         <name>.text:_system_pre_init</name>
         <load_address>0x95c6</load_address>
         <run_address>0x95c6</run_address>
         <size>0x4</size>
         <input_file_ref idref="fl-4f"/>
      </object_component>
      <object_component id="oc-50c">
         <name>.text:_system_post_cinit</name>
         <load_address>0x95ca</load_address>
         <run_address>0x95ca</run_address>
         <size>0x2</size>
         <input_file_ref idref="fl-50"/>
      </object_component>
      <object_component id="oc-797">
         <name>__TI_handler_table</name>
         <load_address>0x9712</load_address>
         <run_address>0x9712</run_address>
         <size>0xc</size>
      </object_component>
      <object_component id="oc-799">
         <name>.cinit..bss.load</name>
         <load_address>0x971e</load_address>
         <run_address>0x971e</run_address>
         <size>0x6</size>
      </object_component>
      <object_component id="oc-79a">
         <name>.cinit..data.load</name>
         <load_address>0x9724</load_address>
         <run_address>0x9724</run_address>
         <size>0x6</size>
      </object_component>
      <object_component id="oc-798">
         <name>__TI_cinit_table</name>
         <load_address>0x972a</load_address>
         <run_address>0x972a</run_address>
         <size>0x10</size>
      </object_component>
      <object_component id="oc-595">
         <name>.const:.string</name>
         <load_address>0x95cc</load_address>
         <run_address>0x95cc</run_address>
         <size>0xbc</size>
         <input_file_ref idref="fl-d"/>
      </object_component>
      <object_component id="oc-63c">
         <name>.const:.string</name>
         <load_address>0x9688</load_address>
         <run_address>0x9688</run_address>
         <size>0x40</size>
         <input_file_ref idref="fl-8"/>
      </object_component>
      <object_component id="oc-617">
         <name>.const:$P$T1$2</name>
         <load_address>0x96c8</load_address>
         <run_address>0x96c8</run_address>
         <size>0x15</size>
         <input_file_ref idref="fl-8"/>
      </object_component>
      <object_component id="oc-6f4">
         <name>.const:.string</name>
         <load_address>0x96de</load_address>
         <run_address>0x96de</run_address>
         <size>0x14</size>
         <input_file_ref idref="fl-59"/>
      </object_component>
      <object_component id="oc-639">
         <name>.const:.string:$P$T0$1</name>
         <load_address>0x96f2</load_address>
         <run_address>0x96f2</run_address>
         <size>0x10</size>
         <input_file_ref idref="fl-8"/>
      </object_component>
      <object_component id="oc-600">
         <name>.const:.string:$P$T2$3</name>
         <load_address>0x9702</load_address>
         <run_address>0x9702</run_address>
         <size>0x10</size>
         <input_file_ref idref="fl-8"/>
      </object_component>
      <object_component id="oc-72a">
         <name>.binit</name>
         <load_address>0x8000</load_address>
         <run_address>0x8000</run_address>
         <size>0x0</size>
      </object_component>
      <object_component id="oc-78">
         <name>.int41</name>
         <load_address>0xffd2</load_address>
         <run_address>0xffd2</run_address>
         <size>0x2</size>
         <input_file_ref idref="fl-33"/>
      </object_component>
      <object_component id="oc-79">
         <name>.int42</name>
         <load_address>0xffd4</load_address>
         <run_address>0xffd4</run_address>
         <size>0x2</size>
         <input_file_ref idref="fl-34"/>
      </object_component>
      <object_component id="oc-7a">
         <name>.int43</name>
         <load_address>0xffd6</load_address>
         <run_address>0xffd6</run_address>
         <size>0x2</size>
         <input_file_ref idref="fl-35"/>
      </object_component>
      <object_component id="oc-7b">
         <name>.int44</name>
         <load_address>0xffd8</load_address>
         <run_address>0xffd8</run_address>
         <size>0x2</size>
         <input_file_ref idref="fl-36"/>
      </object_component>
      <object_component id="oc-7c">
         <name>.int45</name>
         <load_address>0xffda</load_address>
         <run_address>0xffda</run_address>
         <size>0x2</size>
         <input_file_ref idref="fl-3"/>
      </object_component>
      <object_component id="oc-7d">
         <name>.int46</name>
         <load_address>0xffdc</load_address>
         <run_address>0xffdc</run_address>
         <size>0x2</size>
         <input_file_ref idref="fl-5"/>
      </object_component>
      <object_component id="oc-7e">
         <name>.int47</name>
         <load_address>0xffde</load_address>
         <run_address>0xffde</run_address>
         <size>0x2</size>
         <input_file_ref idref="fl-9"/>
      </object_component>
      <object_component id="oc-7f">
         <name>.int48</name>
         <load_address>0xffe0</load_address>
         <run_address>0xffe0</run_address>
         <size>0x2</size>
         <input_file_ref idref="fl-4"/>
      </object_component>
      <object_component id="oc-80">
         <name>.int49</name>
         <load_address>0xffe2</load_address>
         <run_address>0xffe2</run_address>
         <size>0x2</size>
         <input_file_ref idref="fl-37"/>
      </object_component>
      <object_component id="oc-81">
         <name>.int50</name>
         <load_address>0xffe4</load_address>
         <run_address>0xffe4</run_address>
         <size>0x2</size>
         <input_file_ref idref="fl-38"/>
      </object_component>
      <object_component id="oc-82">
         <name>.int51</name>
         <load_address>0xffe6</load_address>
         <run_address>0xffe6</run_address>
         <size>0x2</size>
         <input_file_ref idref="fl-39"/>
      </object_component>
      <object_component id="oc-83">
         <name>.int52</name>
         <load_address>0xffe8</load_address>
         <run_address>0xffe8</run_address>
         <size>0x2</size>
         <input_file_ref idref="fl-3a"/>
      </object_component>
      <object_component id="oc-84">
         <name>.int53</name>
         <load_address>0xffea</load_address>
         <run_address>0xffea</run_address>
         <size>0x2</size>
         <input_file_ref idref="fl-4"/>
      </object_component>
      <object_component id="oc-85">
         <name>.int54</name>
         <load_address>0xffec</load_address>
         <run_address>0xffec</run_address>
         <size>0x2</size>
         <input_file_ref idref="fl-2"/>
      </object_component>
      <object_component id="oc-86">
         <name>.int55</name>
         <load_address>0xffee</load_address>
         <run_address>0xffee</run_address>
         <size>0x2</size>
         <input_file_ref idref="fl-3b"/>
      </object_component>
      <object_component id="oc-87">
         <name>.int56</name>
         <load_address>0xfff0</load_address>
         <run_address>0xfff0</run_address>
         <size>0x2</size>
         <input_file_ref idref="fl-3c"/>
      </object_component>
      <object_component id="oc-88">
         <name>.int57</name>
         <load_address>0xfff2</load_address>
         <run_address>0xfff2</run_address>
         <size>0x2</size>
         <input_file_ref idref="fl-3d"/>
      </object_component>
      <object_component id="oc-89">
         <name>.int58</name>
         <load_address>0xfff4</load_address>
         <run_address>0xfff4</run_address>
         <size>0x2</size>
         <input_file_ref idref="fl-3e"/>
      </object_component>
      <object_component id="oc-8a">
         <name>.int59</name>
         <load_address>0xfff6</load_address>
         <run_address>0xfff6</run_address>
         <size>0x2</size>
         <input_file_ref idref="fl-4"/>
      </object_component>
      <object_component id="oc-8b">
         <name>.int60</name>
         <load_address>0xfff8</load_address>
         <run_address>0xfff8</run_address>
         <size>0x2</size>
         <input_file_ref idref="fl-3f"/>
      </object_component>
      <object_component id="oc-8c">
         <name>.int61</name>
         <load_address>0xfffa</load_address>
         <run_address>0xfffa</run_address>
         <size>0x2</size>
         <input_file_ref idref="fl-40"/>
      </object_component>
      <object_component id="oc-8d">
         <name>.int62</name>
         <load_address>0xfffc</load_address>
         <run_address>0xfffc</run_address>
         <size>0x2</size>
         <input_file_ref idref="fl-41"/>
      </object_component>
      <object_component id="oc-339">
         <name>.reset</name>
         <load_address>0xfffe</load_address>
         <run_address>0xfffe</run_address>
         <size>0x2</size>
         <input_file_ref idref="fl-4a"/>
      </object_component>
      <object_component id="oc-498">
         <name>.debug_info</name>
         <load_address>0x0</load_address>
         <run_address>0x0</run_address>
         <size>0x290</size>
         <input_file_ref idref="fl-2"/>
      </object_component>
      <object_component id="oc-6ec">
         <name>.debug_info</name>
         <load_address>0x290</load_address>
         <run_address>0x290</run_address>
         <size>0xd9</size>
         <input_file_ref idref="fl-2"/>
      </object_component>
      <object_component id="oc-67b">
         <name>.debug_info</name>
         <load_address>0x369</load_address>
         <run_address>0x369</run_address>
         <size>0x157</size>
         <input_file_ref idref="fl-2"/>
      </object_component>
      <object_component id="oc-55a">
         <name>.debug_info</name>
         <load_address>0x4c0</load_address>
         <run_address>0x4c0</run_address>
         <size>0x110</size>
         <input_file_ref idref="fl-2"/>
      </object_component>
      <object_component id="oc-682">
         <name>.debug_info</name>
         <load_address>0x5d0</load_address>
         <run_address>0x5d0</run_address>
         <size>0x162</size>
         <input_file_ref idref="fl-2"/>
      </object_component>
      <object_component id="oc-376">
         <name>.debug_info</name>
         <load_address>0x732</load_address>
         <run_address>0x732</run_address>
         <size>0x113</size>
         <input_file_ref idref="fl-2"/>
      </object_component>
      <object_component id="oc-6d9">
         <name>.debug_info</name>
         <load_address>0x845</load_address>
         <run_address>0x845</run_address>
         <size>0x51</size>
         <input_file_ref idref="fl-2"/>
      </object_component>
      <object_component id="oc-41c">
         <name>.debug_info</name>
         <load_address>0x896</load_address>
         <run_address>0x896</run_address>
         <size>0x26b</size>
         <input_file_ref idref="fl-2"/>
      </object_component>
      <object_component id="oc-340">
         <name>.debug_info</name>
         <load_address>0xb01</load_address>
         <run_address>0xb01</run_address>
         <size>0x84</size>
         <input_file_ref idref="fl-2"/>
      </object_component>
      <object_component id="oc-493">
         <name>.debug_info</name>
         <load_address>0xb85</load_address>
         <run_address>0xb85</run_address>
         <size>0x275</size>
         <input_file_ref idref="fl-2"/>
      </object_component>
      <object_component id="oc-417">
         <name>.debug_info</name>
         <load_address>0xdfa</load_address>
         <run_address>0xdfa</run_address>
         <size>0xbb</size>
         <input_file_ref idref="fl-2"/>
      </object_component>
      <object_component id="oc-64f">
         <name>.debug_info</name>
         <load_address>0xeb5</load_address>
         <run_address>0xeb5</run_address>
         <size>0x2c</size>
         <input_file_ref idref="fl-2"/>
      </object_component>
      <object_component id="oc-3c8">
         <name>.debug_info</name>
         <load_address>0xee1</load_address>
         <run_address>0xee1</run_address>
         <size>0x44f</size>
         <input_file_ref idref="fl-3"/>
      </object_component>
      <object_component id="oc-552">
         <name>.debug_info</name>
         <load_address>0x1330</load_address>
         <run_address>0x1330</run_address>
         <size>0x18a</size>
         <input_file_ref idref="fl-3"/>
      </object_component>
      <object_component id="oc-53a">
         <name>.debug_info</name>
         <load_address>0x14ba</load_address>
         <run_address>0x14ba</run_address>
         <size>0x110</size>
         <input_file_ref idref="fl-3"/>
      </object_component>
      <object_component id="oc-357">
         <name>.debug_info</name>
         <load_address>0x15ca</load_address>
         <run_address>0x15ca</run_address>
         <size>0x117</size>
         <input_file_ref idref="fl-3"/>
      </object_component>
      <object_component id="oc-3dd">
         <name>.debug_info</name>
         <load_address>0x16e1</load_address>
         <run_address>0x16e1</run_address>
         <size>0x3ce</size>
         <input_file_ref idref="fl-4"/>
      </object_component>
      <object_component id="oc-66c">
         <name>.debug_info</name>
         <load_address>0x1aaf</load_address>
         <run_address>0x1aaf</run_address>
         <size>0x147</size>
         <input_file_ref idref="fl-4"/>
      </object_component>
      <object_component id="oc-54b">
         <name>.debug_info</name>
         <load_address>0x1bf6</load_address>
         <run_address>0x1bf6</run_address>
         <size>0x147</size>
         <input_file_ref idref="fl-4"/>
      </object_component>
      <object_component id="oc-627">
         <name>.debug_info</name>
         <load_address>0x1d3d</load_address>
         <run_address>0x1d3d</run_address>
         <size>0x12d</size>
         <input_file_ref idref="fl-4"/>
      </object_component>
      <object_component id="oc-4a1">
         <name>.debug_info</name>
         <load_address>0x1e6a</load_address>
         <run_address>0x1e6a</run_address>
         <size>0x11f</size>
         <input_file_ref idref="fl-4"/>
      </object_component>
      <object_component id="oc-633">
         <name>.debug_info</name>
         <load_address>0x1f89</load_address>
         <run_address>0x1f89</run_address>
         <size>0x12f</size>
         <input_file_ref idref="fl-4"/>
      </object_component>
      <object_component id="oc-61b">
         <name>.debug_info</name>
         <load_address>0x20b8</load_address>
         <run_address>0x20b8</run_address>
         <size>0x161</size>
         <input_file_ref idref="fl-4"/>
      </object_component>
      <object_component id="oc-672">
         <name>.debug_info</name>
         <load_address>0x2219</load_address>
         <run_address>0x2219</run_address>
         <size>0x164</size>
         <input_file_ref idref="fl-4"/>
      </object_component>
      <object_component id="oc-369">
         <name>.debug_info</name>
         <load_address>0x237d</load_address>
         <run_address>0x237d</run_address>
         <size>0x124</size>
         <input_file_ref idref="fl-4"/>
      </object_component>
      <object_component id="oc-37b">
         <name>.debug_info</name>
         <load_address>0x24a1</load_address>
         <run_address>0x24a1</run_address>
         <size>0x124</size>
         <input_file_ref idref="fl-4"/>
      </object_component>
      <object_component id="oc-36f">
         <name>.debug_info</name>
         <load_address>0x25c5</load_address>
         <run_address>0x25c5</run_address>
         <size>0x124</size>
         <input_file_ref idref="fl-4"/>
      </object_component>
      <object_component id="oc-435">
         <name>.debug_info</name>
         <load_address>0x26e9</load_address>
         <run_address>0x26e9</run_address>
         <size>0x55</size>
         <input_file_ref idref="fl-4"/>
      </object_component>
      <object_component id="oc-3d1">
         <name>.debug_info</name>
         <load_address>0x273e</load_address>
         <run_address>0x273e</run_address>
         <size>0x32e</size>
         <input_file_ref idref="fl-5"/>
      </object_component>
      <object_component id="oc-60b">
         <name>.debug_info</name>
         <load_address>0x2a6c</load_address>
         <run_address>0x2a6c</run_address>
         <size>0x149</size>
         <input_file_ref idref="fl-5"/>
      </object_component>
      <object_component id="oc-621">
         <name>.debug_info</name>
         <load_address>0x2bb5</load_address>
         <run_address>0x2bb5</run_address>
         <size>0x12f</size>
         <input_file_ref idref="fl-5"/>
      </object_component>
      <object_component id="oc-55f">
         <name>.debug_info</name>
         <load_address>0x2ce4</load_address>
         <run_address>0x2ce4</run_address>
         <size>0x115</size>
         <input_file_ref idref="fl-5"/>
      </object_component>
      <object_component id="oc-62d">
         <name>.debug_info</name>
         <load_address>0x2df9</load_address>
         <run_address>0x2df9</run_address>
         <size>0x129</size>
         <input_file_ref idref="fl-5"/>
      </object_component>
      <object_component id="oc-35d">
         <name>.debug_info</name>
         <load_address>0x2f22</load_address>
         <run_address>0x2f22</run_address>
         <size>0x11a</size>
         <input_file_ref idref="fl-5"/>
      </object_component>
      <object_component id="oc-425">
         <name>.debug_info</name>
         <load_address>0x303c</load_address>
         <run_address>0x303c</run_address>
         <size>0x2c</size>
         <input_file_ref idref="fl-5"/>
      </object_component>
      <object_component id="oc-42e">
         <name>.debug_info</name>
         <load_address>0x3068</load_address>
         <run_address>0x3068</run_address>
         <size>0x79</size>
         <input_file_ref idref="fl-5"/>
      </object_component>
      <object_component id="oc-49b">
         <name>.debug_info</name>
         <load_address>0x30e1</load_address>
         <run_address>0x30e1</run_address>
         <size>0x124</size>
         <input_file_ref idref="fl-6"/>
      </object_component>
      <object_component id="oc-43d">
         <name>.debug_info</name>
         <load_address>0x3205</load_address>
         <run_address>0x3205</run_address>
         <size>0x110</size>
         <input_file_ref idref="fl-7"/>
      </object_component>
      <object_component id="oc-448">
         <name>.debug_info</name>
         <load_address>0x3315</load_address>
         <run_address>0x3315</run_address>
         <size>0x116</size>
         <input_file_ref idref="fl-7"/>
      </object_component>
      <object_component id="oc-57f">
         <name>.debug_info</name>
         <load_address>0x342b</load_address>
         <run_address>0x342b</run_address>
         <size>0x40b</size>
         <input_file_ref idref="fl-8"/>
      </object_component>
      <object_component id="oc-63a">
         <name>.debug_info</name>
         <load_address>0x3836</load_address>
         <run_address>0x3836</run_address>
         <size>0xda</size>
         <input_file_ref idref="fl-8"/>
      </object_component>
      <object_component id="oc-618">
         <name>.debug_info</name>
         <load_address>0x3910</load_address>
         <run_address>0x3910</run_address>
         <size>0xda</size>
         <input_file_ref idref="fl-8"/>
      </object_component>
      <object_component id="oc-601">
         <name>.debug_info</name>
         <load_address>0x39ea</load_address>
         <run_address>0x39ea</run_address>
         <size>0xda</size>
         <input_file_ref idref="fl-8"/>
      </object_component>
      <object_component id="oc-605">
         <name>.debug_info</name>
         <load_address>0x3ac4</load_address>
         <run_address>0x3ac4</run_address>
         <size>0x12d</size>
         <input_file_ref idref="fl-8"/>
      </object_component>
      <object_component id="oc-612">
         <name>.debug_info</name>
         <load_address>0x3bf1</load_address>
         <run_address>0x3bf1</run_address>
         <size>0x12d</size>
         <input_file_ref idref="fl-8"/>
      </object_component>
      <object_component id="oc-56d">
         <name>.debug_info</name>
         <load_address>0x3d1e</load_address>
         <run_address>0x3d1e</run_address>
         <size>0x2bd</size>
         <input_file_ref idref="fl-8"/>
      </object_component>
      <object_component id="oc-574">
         <name>.debug_info</name>
         <load_address>0x3fdb</load_address>
         <run_address>0x3fdb</run_address>
         <size>0x303</size>
         <input_file_ref idref="fl-8"/>
      </object_component>
      <object_component id="oc-579">
         <name>.debug_info</name>
         <load_address>0x42de</load_address>
         <run_address>0x42de</run_address>
         <size>0x28c</size>
         <input_file_ref idref="fl-8"/>
      </object_component>
      <object_component id="oc-565">
         <name>.debug_info</name>
         <load_address>0x456a</load_address>
         <run_address>0x456a</run_address>
         <size>0x163</size>
         <input_file_ref idref="fl-8"/>
      </object_component>
      <object_component id="oc-4c7">
         <name>.debug_info</name>
         <load_address>0x46cd</load_address>
         <run_address>0x46cd</run_address>
         <size>0x234</size>
         <input_file_ref idref="fl-8"/>
      </object_component>
      <object_component id="oc-4b9">
         <name>.debug_info</name>
         <load_address>0x4901</load_address>
         <run_address>0x4901</run_address>
         <size>0x145</size>
         <input_file_ref idref="fl-8"/>
      </object_component>
      <object_component id="oc-580">
         <name>.debug_info</name>
         <load_address>0x4a46</load_address>
         <run_address>0x4a46</run_address>
         <size>0x76</size>
         <input_file_ref idref="fl-8"/>
      </object_component>
      <object_component id="oc-6bf">
         <name>.debug_info</name>
         <load_address>0x4abc</load_address>
         <run_address>0x4abc</run_address>
         <size>0x2c</size>
         <input_file_ref idref="fl-8"/>
      </object_component>
      <object_component id="oc-3d9">
         <name>.debug_info</name>
         <load_address>0x4ae8</load_address>
         <run_address>0x4ae8</run_address>
         <size>0x282</size>
         <input_file_ref idref="fl-9"/>
      </object_component>
      <object_component id="oc-3d6">
         <name>.debug_info</name>
         <load_address>0x4d6a</load_address>
         <run_address>0x4d6a</run_address>
         <size>0xdd</size>
         <input_file_ref idref="fl-9"/>
      </object_component>
      <object_component id="oc-363">
         <name>.debug_info</name>
         <load_address>0x4e47</load_address>
         <run_address>0x4e47</run_address>
         <size>0x145</size>
         <input_file_ref idref="fl-9"/>
      </object_component>
      <object_component id="oc-4d0">
         <name>.debug_info</name>
         <load_address>0x4f8c</load_address>
         <run_address>0x4f8c</run_address>
         <size>0x142</size>
         <input_file_ref idref="fl-9"/>
      </object_component>
      <object_component id="oc-532">
         <name>.debug_info</name>
         <load_address>0x50ce</load_address>
         <run_address>0x50ce</run_address>
         <size>0x134</size>
         <input_file_ref idref="fl-9"/>
      </object_component>
      <object_component id="oc-4a7">
         <name>.debug_info</name>
         <load_address>0x5202</load_address>
         <run_address>0x5202</run_address>
         <size>0x145</size>
         <input_file_ref idref="fl-9"/>
      </object_component>
      <object_component id="oc-5b0">
         <name>.debug_info</name>
         <load_address>0x5347</load_address>
         <run_address>0x5347</run_address>
         <size>0x16a</size>
         <input_file_ref idref="fl-a"/>
      </object_component>
      <object_component id="oc-4c0">
         <name>.debug_info</name>
         <load_address>0x54b1</load_address>
         <run_address>0x54b1</run_address>
         <size>0x12b</size>
         <input_file_ref idref="fl-a"/>
      </object_component>
      <object_component id="oc-3ca">
         <name>.debug_info</name>
         <load_address>0x55dc</load_address>
         <run_address>0x55dc</run_address>
         <size>0x2ff</size>
         <input_file_ref idref="fl-b"/>
      </object_component>
      <object_component id="oc-63f">
         <name>.debug_info</name>
         <load_address>0x58db</load_address>
         <run_address>0x58db</run_address>
         <size>0x14b</size>
         <input_file_ref idref="fl-b"/>
      </object_component>
      <object_component id="oc-599">
         <name>.debug_info</name>
         <load_address>0x5a26</load_address>
         <run_address>0x5a26</run_address>
         <size>0x15d</size>
         <input_file_ref idref="fl-b"/>
      </object_component>
      <object_component id="oc-541">
         <name>.debug_info</name>
         <load_address>0x5b83</load_address>
         <run_address>0x5b83</run_address>
         <size>0x12c</size>
         <input_file_ref idref="fl-b"/>
      </object_component>
      <object_component id="oc-545">
         <name>.debug_info</name>
         <load_address>0x5caf</load_address>
         <run_address>0x5caf</run_address>
         <size>0x12c</size>
         <input_file_ref idref="fl-b"/>
      </object_component>
      <object_component id="oc-4af">
         <name>.debug_info</name>
         <load_address>0x5ddb</load_address>
         <run_address>0x5ddb</run_address>
         <size>0x1af</size>
         <input_file_ref idref="fl-b"/>
      </object_component>
      <object_component id="oc-591">
         <name>.debug_info</name>
         <load_address>0x5f8a</load_address>
         <run_address>0x5f8a</run_address>
         <size>0x151</size>
         <input_file_ref idref="fl-b"/>
      </object_component>
      <object_component id="oc-59e">
         <name>.debug_info</name>
         <load_address>0x60db</load_address>
         <run_address>0x60db</run_address>
         <size>0x151</size>
         <input_file_ref idref="fl-b"/>
      </object_component>
      <object_component id="oc-6e0">
         <name>.debug_info</name>
         <load_address>0x622c</load_address>
         <run_address>0x622c</run_address>
         <size>0x1dd</size>
         <input_file_ref idref="fl-c"/>
      </object_component>
      <object_component id="oc-67f">
         <name>.debug_info</name>
         <load_address>0x6409</load_address>
         <run_address>0x6409</run_address>
         <size>0xdb</size>
         <input_file_ref idref="fl-c"/>
      </object_component>
      <object_component id="oc-5b8">
         <name>.debug_info</name>
         <load_address>0x64e4</load_address>
         <run_address>0x64e4</run_address>
         <size>0x172</size>
         <input_file_ref idref="fl-c"/>
      </object_component>
      <object_component id="oc-4b4">
         <name>.debug_info</name>
         <load_address>0x6656</load_address>
         <run_address>0x6656</run_address>
         <size>0x130</size>
         <input_file_ref idref="fl-c"/>
      </object_component>
      <object_component id="oc-648">
         <name>.debug_info</name>
         <load_address>0x6786</load_address>
         <run_address>0x6786</run_address>
         <size>0x4c</size>
         <input_file_ref idref="fl-c"/>
      </object_component>
      <object_component id="oc-587">
         <name>.debug_info</name>
         <load_address>0x67d2</load_address>
         <run_address>0x67d2</run_address>
         <size>0x4cf</size>
         <input_file_ref idref="fl-d"/>
      </object_component>
      <object_component id="oc-4cd">
         <name>.debug_info</name>
         <load_address>0x6ca1</load_address>
         <run_address>0x6ca1</run_address>
         <size>0x105</size>
         <input_file_ref idref="fl-d"/>
      </object_component>
      <object_component id="oc-4d6">
         <name>.debug_info</name>
         <load_address>0x6da6</load_address>
         <run_address>0x6da6</run_address>
         <size>0x273</size>
         <input_file_ref idref="fl-d"/>
      </object_component>
      <object_component id="oc-5be">
         <name>.debug_info</name>
         <load_address>0x7019</load_address>
         <run_address>0x7019</run_address>
         <size>0x258</size>
         <input_file_ref idref="fl-d"/>
      </object_component>
      <object_component id="oc-4dc">
         <name>.debug_info</name>
         <load_address>0x7271</load_address>
         <run_address>0x7271</run_address>
         <size>0x1d4</size>
         <input_file_ref idref="fl-d"/>
      </object_component>
      <object_component id="oc-4e2">
         <name>.debug_info</name>
         <load_address>0x7445</load_address>
         <run_address>0x7445</run_address>
         <size>0x1fa</size>
         <input_file_ref idref="fl-d"/>
      </object_component>
      <object_component id="oc-4e8">
         <name>.debug_info</name>
         <load_address>0x763f</load_address>
         <run_address>0x763f</run_address>
         <size>0x2ab</size>
         <input_file_ref idref="fl-d"/>
      </object_component>
      <object_component id="oc-4f4">
         <name>.debug_info</name>
         <load_address>0x78ea</load_address>
         <run_address>0x78ea</run_address>
         <size>0x246</size>
         <input_file_ref idref="fl-d"/>
      </object_component>
      <object_component id="oc-44e">
         <name>.debug_info</name>
         <load_address>0x7b30</load_address>
         <run_address>0x7b30</run_address>
         <size>0x22b</size>
         <input_file_ref idref="fl-d"/>
      </object_component>
      <object_component id="oc-4ee">
         <name>.debug_info</name>
         <load_address>0x7d5b</load_address>
         <run_address>0x7d5b</run_address>
         <size>0x2f0</size>
         <input_file_ref idref="fl-d"/>
      </object_component>
      <object_component id="oc-442">
         <name>.debug_info</name>
         <load_address>0x804b</load_address>
         <run_address>0x804b</run_address>
         <size>0x1c0</size>
         <input_file_ref idref="fl-d"/>
      </object_component>
      <object_component id="oc-5a9">
         <name>.debug_info</name>
         <load_address>0x820b</load_address>
         <run_address>0x820b</run_address>
         <size>0x5a</size>
         <input_file_ref idref="fl-d"/>
      </object_component>
      <object_component id="oc-3f8">
         <name>.debug_info</name>
         <load_address>0x8265</load_address>
         <run_address>0x8265</run_address>
         <size>0x144</size>
         <input_file_ref idref="fl-e"/>
      </object_component>
      <object_component id="oc-66a">
         <name>.debug_info</name>
         <load_address>0x83a9</load_address>
         <run_address>0x83a9</run_address>
         <size>0x20f</size>
         <input_file_ref idref="fl-2f"/>
      </object_component>
      <object_component id="oc-5a4">
         <name>.debug_info</name>
         <load_address>0x85b8</load_address>
         <run_address>0x85b8</run_address>
         <size>0x1c6</size>
         <input_file_ref idref="fl-2f"/>
      </object_component>
      <object_component id="oc-659">
         <name>.debug_info</name>
         <load_address>0x877e</load_address>
         <run_address>0x877e</run_address>
         <size>0x19c</size>
         <input_file_ref idref="fl-2f"/>
      </object_component>
      <object_component id="oc-65f">
         <name>.debug_info</name>
         <load_address>0x891a</load_address>
         <run_address>0x891a</run_address>
         <size>0x171</size>
         <input_file_ref idref="fl-2f"/>
      </object_component>
      <object_component id="oc-704">
         <name>.debug_info</name>
         <load_address>0x8a8b</load_address>
         <run_address>0x8a8b</run_address>
         <size>0x2c</size>
         <input_file_ref idref="fl-2f"/>
      </object_component>
      <object_component id="oc-6d0">
         <name>.debug_info</name>
         <load_address>0x8ab7</load_address>
         <run_address>0x8ab7</run_address>
         <size>0x12a</size>
         <input_file_ref idref="fl-30"/>
      </object_component>
      <object_component id="oc-6d5">
         <name>.debug_info</name>
         <load_address>0x8be1</load_address>
         <run_address>0x8be1</run_address>
         <size>0x13c</size>
         <input_file_ref idref="fl-31"/>
      </object_component>
      <object_component id="oc-70b">
         <name>.debug_info</name>
         <load_address>0x8d1d</load_address>
         <run_address>0x8d1d</run_address>
         <size>0x127</size>
         <input_file_ref idref="fl-32"/>
      </object_component>
      <object_component id="oc-352">
         <name>.debug_info</name>
         <load_address>0x8e44</load_address>
         <run_address>0x8e44</run_address>
         <size>0x113</size>
         <input_file_ref idref="fl-42"/>
      </object_component>
      <object_component id="oc-6e8">
         <name>.debug_info</name>
         <load_address>0x8f57</load_address>
         <run_address>0x8f57</run_address>
         <size>0x12a</size>
         <input_file_ref idref="fl-43"/>
      </object_component>
      <object_component id="oc-5e7">
         <name>.debug_info</name>
         <load_address>0x9081</load_address>
         <run_address>0x9081</run_address>
         <size>0x134</size>
         <input_file_ref idref="fl-44"/>
      </object_component>
      <object_component id="oc-6e4">
         <name>.debug_info</name>
         <load_address>0x91b5</load_address>
         <run_address>0x91b5</run_address>
         <size>0x134</size>
         <input_file_ref idref="fl-47"/>
      </object_component>
      <object_component id="oc-337">
         <name>.debug_info</name>
         <load_address>0x92e9</load_address>
         <run_address>0x92e9</run_address>
         <size>0x104</size>
         <input_file_ref idref="fl-4a"/>
      </object_component>
      <object_component id="oc-396">
         <name>.debug_info</name>
         <load_address>0x93ed</load_address>
         <run_address>0x93ed</run_address>
         <size>0x17e</size>
         <input_file_ref idref="fl-4a"/>
      </object_component>
      <object_component id="oc-513">
         <name>.debug_info</name>
         <load_address>0x956b</load_address>
         <run_address>0x956b</run_address>
         <size>0x40d</size>
         <input_file_ref idref="fl-4b"/>
      </object_component>
      <object_component id="oc-47c">
         <name>.debug_info</name>
         <load_address>0x9978</load_address>
         <run_address>0x9978</run_address>
         <size>0x21a</size>
         <input_file_ref idref="fl-4b"/>
      </object_component>
      <object_component id="oc-5dc">
         <name>.debug_info</name>
         <load_address>0x9b92</load_address>
         <run_address>0x9b92</run_address>
         <size>0x39</size>
         <input_file_ref idref="fl-4b"/>
      </object_component>
      <object_component id="oc-5f3">
         <name>.debug_info</name>
         <load_address>0x9bcb</load_address>
         <run_address>0x9bcb</run_address>
         <size>0x2c</size>
         <input_file_ref idref="fl-4b"/>
      </object_component>
      <object_component id="oc-51e">
         <name>.debug_info</name>
         <load_address>0x9bf7</load_address>
         <run_address>0x9bf7</run_address>
         <size>0x2c</size>
         <input_file_ref idref="fl-4b"/>
      </object_component>
      <object_component id="oc-5e1">
         <name>.debug_info</name>
         <load_address>0x9c23</load_address>
         <run_address>0x9c23</run_address>
         <size>0xcd</size>
         <input_file_ref idref="fl-4b"/>
      </object_component>
      <object_component id="oc-383">
         <name>.debug_info</name>
         <load_address>0x9cf0</load_address>
         <run_address>0x9cf0</run_address>
         <size>0x1d7</size>
         <input_file_ref idref="fl-4c"/>
      </object_component>
      <object_component id="oc-3e8">
         <name>.debug_info</name>
         <load_address>0x9ec7</load_address>
         <run_address>0x9ec7</run_address>
         <size>0x46</size>
         <input_file_ref idref="fl-4c"/>
      </object_component>
      <object_component id="oc-3f2">
         <name>.debug_info</name>
         <load_address>0x9f0d</load_address>
         <run_address>0x9f0d</run_address>
         <size>0x157</size>
         <input_file_ref idref="fl-4f"/>
      </object_component>
      <object_component id="oc-50d">
         <name>.debug_info</name>
         <load_address>0xa064</load_address>
         <run_address>0xa064</run_address>
         <size>0x154</size>
         <input_file_ref idref="fl-50"/>
      </object_component>
      <object_component id="oc-350">
         <name>.debug_info</name>
         <load_address>0xa1b8</load_address>
         <run_address>0xa1b8</run_address>
         <size>0x1de</size>
         <input_file_ref idref="fl-51"/>
      </object_component>
      <object_component id="oc-73">
         <name>.debug_info</name>
         <load_address>0xa396</load_address>
         <run_address>0xa396</run_address>
         <size>0x1f6</size>
         <input_file_ref idref="fl-51"/>
      </object_component>
      <object_component id="oc-34b">
         <name>.debug_info</name>
         <load_address>0xa58c</load_address>
         <run_address>0xa58c</run_address>
         <size>0x46</size>
         <input_file_ref idref="fl-51"/>
      </object_component>
      <object_component id="oc-6f">
         <name>.debug_info</name>
         <load_address>0xa5d2</load_address>
         <run_address>0xa5d2</run_address>
         <size>0x2bc</size>
         <input_file_ref idref="fl-52"/>
      </object_component>
      <object_component id="oc-410">
         <name>.debug_info</name>
         <load_address>0xa88e</load_address>
         <run_address>0xa88e</run_address>
         <size>0x46</size>
         <input_file_ref idref="fl-52"/>
      </object_component>
      <object_component id="oc-3be">
         <name>.debug_info</name>
         <load_address>0xa8d4</load_address>
         <run_address>0xa8d4</run_address>
         <size>0x39</size>
         <input_file_ref idref="fl-52"/>
      </object_component>
      <object_component id="oc-33b">
         <name>.debug_info</name>
         <load_address>0xa90d</load_address>
[...]
         <name>timerA_timeout_start</name>
         <value>0x9308</value>
         <object_component_ref idref="oc-61a"/>
      </symbol>
      <symbol id="sm-3ef">
         <name>wait_us</name>
         <value>0x8f0e</value>
         <object_component_ref idref="oc-66b"/>
      </symbol>
      <symbol id="sm-3f0">
         <name>timers_isTimeout</name>
         <value>0x9502</value>
         <object_component_ref idref="oc-626"/>
      </symbol>
      <symbol id="sm-3f1">
         <name>timer0_B0_ISR</name>
         <value>0x9396</value>
         <object_component_ref idref="oc-37a"/>
      </symbol>
      <symbol id="sm-3f2">
         <name>timer0_A0_ISR</name>
         <value>0x91ac</value>
         <object_component_ref idref="oc-36e"/>
      </symbol>
      <symbol id="sm-3f3">
         <name>timers_init</name>
         <value>0x937a</value>
         <object_component_ref idref="oc-4a0"/>
      </symbol>
      <symbol id="sm-3f4">
         <name>timer1_A1_ISR</name>
         <value>0x9104</value>
         <object_component_ref idref="oc-368"/>
      </symbol>
      <symbol id="sm-429">
         <name>DatoLeido_UART</name>
         <value>0x2423</value>
      </symbol>
      <symbol id="sm-42a">
         <name>Byte_Recibido</name>
         <value>0x2422</value>
      </symbol>
      <symbol id="sm-42b">
         <name>uart_isByte_Recibido</name>
         <value>0x95c0</value>
         <object_component_ref idref="oc-620"/>
      </symbol>
      <symbol id="sm-42c">
         <name>uart_send_byte</name>
         <value>0x9558</value>
         <object_component_ref idref="oc-60a"/>
      </symbol>
      <symbol id="sm-42d">
         <name>uart_getDatoLeido</name>
         <value>0x9578</value>
         <object_component_ref idref="oc-62c"/>
      </symbol>
      <symbol id="sm-42e">
         <name>__TI_int46</name>
         <value>0xffdc</value>
         <object_component_ref idref="oc-7d"/>
      </symbol>
      <symbol id="sm-42f">
         <name>USCI_A1_ISR</name>
         <value>0x9458</value>
         <object_component_ref idref="oc-35c"/>
      </symbol>
      <symbol id="sm-430">
         <name>uart_init</name>
         <value>0x8ec6</value>
         <object_component_ref idref="oc-55e"/>
      </symbol>
      <symbol id="sm-439">
         <name>ucs_cfg_init</name>
         <value>0x9230</value>
         <object_component_ref idref="oc-49a"/>
      </symbol>
      <symbol id="sm-449">
         <name>wdg_restart</name>
         <value>0x95aa</value>
         <object_component_ref idref="oc-447"/>
      </symbol>
      <symbol id="sm-44a">
         <name>wdg_stop</name>
         <value>0x95b2</value>
         <object_component_ref idref="oc-43b"/>
      </symbol>
      <symbol id="sm-4cd">
         <name>RxPacket</name>
         <value>0x856e</value>
         <object_component_ref idref="oc-572"/>
      </symbol>
      <symbol id="sm-4ce">
         <name>TxPacket</name>
         <value>0x88d0</value>
         <object_component_ref idref="oc-56c"/>
      </symbol>
      <symbol id="sm-4cf">
         <name>AX12_init</name>
         <value>0x9564</value>
         <object_component_ref idref="oc-4b8"/>
      </symbol>
      <symbol id="sm-4d0">
         <name>AX12_readError</name>
         <value>0x8000</value>
         <object_component_ref idref="oc-578"/>
      </symbol>
      <symbol id="sm-4d1">
         <name>AX12_setAngle</name>
         <value>0x9206</value>
         <object_component_ref idref="oc-564"/>
      </symbol>
      <symbol id="sm-4d2">
         <name>Sentit_Dades_Tx</name>
         <value>0x958a</value>
         <object_component_ref idref="oc-604"/>
      </symbol>
      <symbol id="sm-4d3">
         <name>Sentit_Dades_Rx</name>
         <value>0x9582</value>
         <object_component_ref idref="oc-610"/>
      </symbol>
      <symbol id="sm-4d4">
         <name>AX12_motorControl</name>
         <value>0x8e22</value>
         <object_component_ref idref="oc-4c6"/>
      </symbol>
      <symbol id="sm-504">
         <name>pressed_read</name>
         <value>0x2426</value>
      </symbol>
      <symbol id="sm-505">
         <name>buttons_en_irq</name>
         <value>0x959a</value>
         <object_component_ref idref="oc-531"/>
      </symbol>
      <symbol id="sm-506">
         <name>buttons_init</name>
         <value>0x92c8</value>
         <object_component_ref idref="oc-4a6"/>
      </symbol>
      <symbol id="sm-507">
         <name>__TI_int47</name>
         <value>0xffde</value>
         <object_component_ref idref="oc-7e"/>
      </symbol>
      <symbol id="sm-508">
         <name>port1_isr</name>
         <value>0x8b90</value>
         <object_component_ref idref="oc-362"/>
      </symbol>
      <symbol id="sm-509">
         <name>buttons_lastPressed</name>
         <value>0x942c</value>
         <object_component_ref idref="oc-4cf"/>
      </symbol>
      <symbol id="sm-519">
         <name>hcsr04_init</name>
         <value>0x94ba</value>
         <object_component_ref idref="oc-4be"/>
      </symbol>
      <symbol id="sm-51a">
         <name>hcsr04_readDistance</name>
         <value>0x93fc</value>
         <object_component_ref idref="oc-5af"/>
      </symbol>
      <symbol id="sm-551">
         <name>lcd_2ndLineShift</name>
         <value>0x9342</value>
         <object_component_ref idref="oc-59c"/>
      </symbol>
      <symbol id="sm-552">
         <name>lcd_resetPinInit</name>
         <value>0x9524</value>
         <object_component_ref idref="oc-53e"/>
      </symbol>
      <symbol id="sm-553">
         <name>lcd_shiftLeft</name>
         <value>0x935e</value>
         <object_component_ref idref="oc-63d"/>
      </symbol>
      <symbol id="sm-554">
         <name>lcd_sendLine</name>
         <value>0x9514</value>
         <object_component_ref idref="oc-596"/>
      </symbol>
      <symbol id="sm-555">
         <name>lcd_reset</name>
         <value>0x94cc</value>
         <object_component_ref idref="oc-544"/>
      </symbol>
      <symbol id="sm-556">
         <name>lcd_init</name>
         <value>0x8c88</value>
         <object_component_ref idref="oc-4ac"/>
      </symbol>
      <symbol id="sm-557">
         <name>lcd_clearDisplay</name>
         <value>0x93b0</value>
         <object_component_ref idref="oc-58f"/>
      </symbol>
      <symbol id="sm-574">
         <name>ldrs_init</name>
         <value>0x954c</value>
         <object_component_ref idref="oc-4b2"/>
      </symbol>
      <symbol id="sm-575">
         <name>lecture</name>
         <value>0x2428</value>
         <object_component_ref idref="oc-67e"/>
      </symbol>
      <symbol id="sm-576">
         <name>ldrs_readVoltage</name>
         <value>0x94de</value>
         <object_component_ref idref="oc-5b7"/>
      </symbol>
      <symbol id="sm-5fa">
         <name>robot_showMenu</name>
         <value>0x8736</value>
         <object_component_ref idref="oc-4d5"/>
      </symbol>
      <symbol id="sm-5fb">
         <name>robot_mainMenu</name>
         <value>0x8c10</value>
         <object_component_ref idref="oc-44d"/>
      </symbol>
      <symbol id="sm-5fc">
         <name>robot_motorDecision</name>
         <value>0x8b0c</value>
         <object_component_ref idref="oc-5bd"/>
      </symbol>
      <symbol id="sm-5fd">
         <name>robot_calibADC</name>
         <value>0x8960</value>
         <object_component_ref idref="oc-4f3"/>
      </symbol>
      <symbol id="sm-5fe">
         <name>robot_measDist</name>
         <value>0x8d60</value>
         <object_component_ref idref="oc-4e1"/>
      </symbol>
      <symbol id="sm-5ff">
         <name>robot_seekLight</name>
         <value>0x8484</value>
         <object_component_ref idref="oc-4ed"/>
      </symbol>
      <symbol id="sm-600">
         <name>robot_manualOp</name>
         <value>0x82a4</value>
         <object_component_ref idref="oc-4e7"/>
      </symbol>
      <symbol id="sm-601">
         <name>robot_changeMenu</name>
         <value>0x89f0</value>
         <object_component_ref idref="oc-4db"/>
      </symbol>
      <symbol id="sm-602">
         <name>robot_init</name>
         <value>0x91da</value>
         <object_component_ref idref="oc-441"/>
      </symbol>
      <symbol id="sm-60c">
         <name>main</name>
         <value>0x9480</value>
         <object_component_ref idref="oc-3f4"/>
      </symbol>
      <symbol id="sm-62d">
         <name>sprintf</name>
         <value>0x913e</value>
         <object_component_ref idref="oc-5a2"/>
      </symbol>
      <symbol id="sm-635">
         <name>__mspabi_sral_15</name>
         <value>0x9010</value>
         <object_component_ref idref="oc-6cd"/>
      </symbol>
      <symbol id="sm-636">
         <name>__mspabi_sral_14</name>
         <value>0x9014</value>
         <object_component_ref idref="oc-6cd"/>
      </symbol>
      <symbol id="sm-637">
         <name>__mspabi_sral_13</name>
         <value>0x9018</value>
         <object_component_ref idref="oc-6cd"/>
      </symbol>
      <symbol id="sm-638">
         <name>__mspabi_sral_12</name>
         <value>0x901c</value>
         <object_component_ref idref="oc-6cd"/>
      </symbol>
      <symbol id="sm-639">
         <name>__mspabi_sral_11</name>
         <value>0x9020</value>
         <object_component_ref idref="oc-6cd"/>
      </symbol>
      <symbol id="sm-63a">
         <name>__mspabi_sral_10</name>
         <value>0x9024</value>
         <object_component_ref idref="oc-6cd"/>
      </symbol>
      <symbol id="sm-63b">
         <name>__mspabi_sral_8</name>
         <value>0x902c</value>
         <object_component_ref idref="oc-6cd"/>
      </symbol>
      <symbol id="sm-63c">
         <name>__mspabi_sral_9</name>
         <value>0x9028</value>
         <object_component_ref idref="oc-6cd"/>
      </symbol>
      <symbol id="sm-63d">
         <name>__mspabi_sral_6</name>
         <value>0x9034</value>
         <object_component_ref idref="oc-6cd"/>
      </symbol>
      <symbol id="sm-63e">
         <name>__mspabi_sral_7</name>
         <value>0x9030</value>
         <object_component_ref idref="oc-6cd"/>
      </symbol>
      <symbol id="sm-63f">
         <name>__mspabi_sral_4</name>
         <value>0x903c</value>
         <object_component_ref idref="oc-6cd"/>
      </symbol>
      <symbol id="sm-640">
         <name>__mspabi_sral_5</name>
         <value>0x9038</value>
         <object_component_ref idref="oc-6cd"/>
      </symbol>
      <symbol id="sm-641">
         <name>__mspabi_sral_2</name>
         <value>0x9044</value>
         <object_component_ref idref="oc-6cd"/>
      </symbol>
      <symbol id="sm-642">
         <name>__mspabi_sral_3</name>
         <value>0x9040</value>
         <object_component_ref idref="oc-6cd"/>
      </symbol>
      <symbol id="sm-643">
         <name>__mspabi_sral_1</name>
         <value>0x9048</value>
         <object_component_ref idref="oc-6cd"/>
      </symbol>
      <symbol id="sm-64f">
         <name>__mspabi_remli</name>
         <value>0x8f92</value>
         <object_component_ref idref="oc-6d2"/>
      </symbol>
      <symbol id="sm-650">
         <name>__mspabi_divli</name>
         <value>0x8f92</value>
         <object_component_ref idref="oc-6d2"/>
      </symbol>
      <symbol id="sm-65e">
         <name>__mspabi_remul</name>
         <value>0x8dca</value>
         <object_component_ref idref="oc-70a"/>
      </symbol>
      <symbol id="sm-65f">
         <name>__mspabi_divul</name>
         <value>0x8dca</value>
         <object_component_ref idref="oc-70a"/>
      </symbol>
      <symbol id="sm-662">
         <name>__TI_int41</name>
         <value>0xffd2</value>
         <object_component_ref idref="oc-78"/>
      </symbol>
      <symbol id="sm-665">
         <name>__TI_int42</name>
         <value>0xffd4</value>
         <object_component_ref idref="oc-79"/>
      </symbol>
      <symbol id="sm-668">
         <name>__TI_int43</name>
         <value>0xffd6</value>
         <object_component_ref idref="oc-7a"/>
      </symbol>
      <symbol id="sm-66b">
         <name>__TI_int44</name>
         <value>0xffd8</value>
         <object_component_ref idref="oc-7b"/>
      </symbol>
      <symbol id="sm-66e">
         <name>__TI_int49</name>
         <value>0xffe2</value>
         <object_component_ref idref="oc-80"/>
      </symbol>
      <symbol id="sm-671">
         <name>__TI_int50</name>
         <value>0xffe4</value>
         <object_component_ref idref="oc-81"/>
      </symbol>
      <symbol id="sm-674">
         <name>__TI_int51</name>
         <value>0xffe6</value>
         <object_component_ref idref="oc-82"/>
      </symbol>
      <symbol id="sm-677">
         <name>__TI_int52</name>
         <value>0xffe8</value>
         <object_component_ref idref="oc-83"/>
      </symbol>
      <symbol id="sm-67a">
         <name>__TI_int55</name>
         <value>0xffee</value>
         <object_component_ref idref="oc-86"/>
      </symbol>
      <symbol id="sm-67d">
         <name>__TI_int56</name>
         <value>0xfff0</value>
         <object_component_ref idref="oc-87"/>
      </symbol>
      <symbol id="sm-680">
         <name>__TI_int57</name>
         <value>0xfff2</value>
         <object_component_ref idref="oc-88"/>
      </symbol>
      <symbol id="sm-683">
         <name>__TI_int58</name>
         <value>0xfff4</value>
         <object_component_ref idref="oc-89"/>
      </symbol>
      <symbol id="sm-686">
         <name>__TI_int60</name>
         <value>0xfff8</value>
         <object_component_ref idref="oc-8b"/>
      </symbol>
      <symbol id="sm-689">
         <name>__TI_int61</name>
         <value>0xfffa</value>
         <object_component_ref idref="oc-8c"/>
      </symbol>
      <symbol id="sm-68c">
         <name>__TI_int62</name>
         <value>0xfffc</value>
         <object_component_ref idref="oc-8d"/>
      </symbol>
      <symbol id="sm-694">
         <name>__TI_ISR_TRAP</name>
         <value>0x9592</value>
         <object_component_ref idref="oc-351"/>
      </symbol>
      <symbol id="sm-69c">
         <name>__mspabi_srll_8</name>
         <value>0x906a</value>
         <object_component_ref idref="oc-6e6"/>
      </symbol>
      <symbol id="sm-69d">
         <name>__mspabi_srll_9</name>
         <value>0x9066</value>
         <object_component_ref idref="oc-6e6"/>
      </symbol>
      <symbol id="sm-69e">
         <name>__mspabi_srll_6</name>
         <value>0x9072</value>
         <object_component_ref idref="oc-6e6"/>
      </symbol>
      <symbol id="sm-69f">
         <name>__mspabi_srll_7</name>
         <value>0x906e</value>
         <object_component_ref idref="oc-6e6"/>
      </symbol>
      <symbol id="sm-6a0">
         <name>__mspabi_srll_4</name>
         <value>0x907a</value>
         <object_component_ref idref="oc-6e6"/>
      </symbol>
      <symbol id="sm-6a1">
         <name>__mspabi_srll_5</name>
         <value>0x9076</value>
         <object_component_ref idref="oc-6e6"/>
      </symbol>
      <symbol id="sm-6a2">
         <name>__mspabi_srll_2</name>
         <value>0x9082</value>
         <object_component_ref idref="oc-6e6"/>
      </symbol>
      <symbol id="sm-6a3">
         <name>__mspabi_srll_3</name>
         <value>0x907e</value>
         <object_component_ref idref="oc-6e6"/>
      </symbol>
      <symbol id="sm-6a4">
         <name>__mspabi_srll_1</name>
         <value>0x9086</value>
         <object_component_ref idref="oc-6e6"/>
      </symbol>
      <symbol id="sm-6a5">
         <name>__mspabi_srll_15</name>
         <value>0x904e</value>
         <object_component_ref idref="oc-6e6"/>
      </symbol>
      <symbol id="sm-6a6">
         <name>__mspabi_srll_14</name>
         <value>0x9052</value>
         <object_component_ref idref="oc-6e6"/>
      </symbol>
      <symbol id="sm-6a7">
         <name>__mspabi_srll_13</name>
         <value>0x9056</value>
         <object_component_ref idref="oc-6e6"/>
      </symbol>
      <symbol id="sm-6a8">
         <name>__mspabi_srll_12</name>
         <value>0x905a</value>
         <object_component_ref idref="oc-6e6"/>
      </symbol>
      <symbol id="sm-6a9">
         <name>__mspabi_srll_11</name>
         <value>0x905e</value>
         <object_component_ref idref="oc-6e6"/>
      </symbol>
      <symbol id="sm-6aa">
         <name>__mspabi_srll_10</name>
         <value>0x9062</value>
         <object_component_ref idref="oc-6e6"/>
      </symbol>
      <symbol id="sm-6b2">
         <name>__mspabi_mpyi_f5hw</name>
         <value>0x9414</value>
         <object_component_ref idref="oc-5e6"/>
      </symbol>
      <symbol id="sm-6bc">
         <name>__mspabi_mpyl_f5hw</name>
         <value>0x92a4</value>
         <object_component_ref idref="oc-6e1"/>
      </symbol>
      <symbol id="sm-6ce">
         <name>_stack</name>
         <value>0x3360</value>
         <object_component_ref idref="oc-336"/>
      </symbol>
      <symbol id="sm-6cf">
         <name>_c_int00_noargs</name>
         <value>0x9326</value>
         <object_component_ref idref="oc-392"/>
      </symbol>
      <symbol id="sm-6d0">
         <name>_reset_vector</name>
         <value>0xfffe</value>
         <object_component_ref idref="oc-339"/>
      </symbol>
      <symbol id="sm-6f2">
         <name>__TI_auto_init_nobinit_nopinit_hold_wdt</name>
         <value>0x8cf6</value>
         <object_component_ref idref="oc-478"/>
      </symbol>
      <symbol id="sm-702">
         <name>__TI_zero_init_nomemset</name>
         <value>0x8fd2</value>
         <object_component_ref idref="oc-380"/>
      </symbol>
      <symbol id="sm-70d">
         <name>_system_pre_init</name>
         <value>0x95c6</value>
         <object_component_ref idref="oc-3ee"/>
      </symbol>
      <symbol id="sm-716">
         <name>_system_post_cinit</name>
         <value>0x95ca</value>
         <object_component_ref idref="oc-50c"/>
      </symbol>
      <symbol id="sm-727">
         <name>__TI_decompress_none</name>
         <value>0x908c</value>
         <object_component_ref idref="oc-72"/>
      </symbol>
      <symbol id="sm-748">
         <name>__TI_decompress_lzss</name>
         <value>0x8396</value>
         <object_component_ref idref="oc-6c"/>
      </symbol>
      <symbol id="sm-752">
         <name>C$$EXIT</name>
         <value>0x95ba</value>
         <object_component_ref idref="oc-454"/>
      </symbol>
      <symbol id="sm-753">
         <name>abort</name>
         <value>0x95ba</value>
         <object_component_ref idref="oc-454"/>
      </symbol>
      <symbol id="sm-763">
         <name>memcpy</name>
         <value>0x94f0</value>
         <object_component_ref idref="oc-5eb"/>
      </symbol>
      <symbol id="sm-771">
         <name>memset</name>
         <value>0x9494</value>
         <object_component_ref idref="oc-589"/>
      </symbol>
      <symbol id="sm-77b">
         <name>abs</name>
         <value>0x956e</value>
         <object_component_ref idref="oc-688"/>
      </symbol>
      <symbol id="sm-7c4">
         <name>__TI_printfi_minimal</name>
         <value>0x8654</value>
         <object_component_ref idref="oc-663"/>
      </symbol>
      <symbol id="sm-7ce">
         <name>__mspabi_remu</name>
         <value>0x9442</value>
         <object_component_ref idref="oc-718"/>
      </symbol>
      <symbol id="sm-7cf">
         <name>__mspabi_divu</name>
         <value>0x9442</value>
         <object_component_ref idref="oc-718"/>
      </symbol>
      <symbol id="sm-7da">
         <name>__memcpy_far</name>
         <value>0x8f52</value>
         <object_component_ref idref="oc-345"/>
      </symbol>
      <symbol id="sm-7ec">
         <name>memccpy</name>
         <value>0x93ca</value>
         <object_component_ref idref="oc-6fb"/>
      </symbol>
      <symbol id="sm-7f9">
         <name>strlen</name>
         <value>0x9532</value>
         <object_component_ref idref="oc-6b1"/>
      </symbol>
   </symbol_table>
   <title>Link successful</title>
</link_info>
